This is pdfTeX, Version 3.141592653-2.6-1.40.27 (TeX Live 2026/dev/Arch Linux) (preloaded format=pdflatex 2026.1.8)  13 AUG 2026 16:59
entering extended mode
 restricted \write18 enabled.
 %&-line parsing enabled.
**main.tex
(./main.tex
LaTeX2e <2024-11-01> patch level 2
L3 programming layer <2025-01-18>
(/usr/share/texmf-dist/tex/latex/base/article.cls
Document Class: article 2024/06/29 v1.4n Standard LaTeX document class
(/usr/share/texmf-dist/tex/latex/base/leqno.clo
File: leqno.clo 2016/12/29 v1.2b Standard LaTeX option (left equation numbers)
)
(/usr/share/texmf-dist/tex/latex/base/size11.clo
File: size11.clo 2024/06/29 v1.4n Standard LaTeX file (size option)
)
\c@part=\count196
\c@section=\count197
\c@subsection=\count198
\c@subsubsection=\count199
\c@paragraph=\count266
\c@subparagraph=\count267
\c@figure=\count268
\c@table=\count269
\abovecaptionskip=\skip49
\belowcaptionskip=\skip50
\bibindent=\dimen141
) (./paper.sty
(/usr/share/texmf-dist/tex/generic/pdftex/glyphtounicode.tex)
(/usr/share/texmf-dist/tex/latex/base/fontenc.sty
Package: fontenc 2021/04/29 v2.0v Standard LaTeX package
)
(/usr/share/texmf-dist/tex/latex/sourceserifpro/sourceserifpro.sty
Package: sourceserifpro 2018/11/10 v1.4 Adobe's Source Serif Pro typeface

(/usr/share/texmf-dist/tex/generic/iftex/ifxetex.sty
Package: ifxetex 2019/10/25 v0.7 ifxetex legacy package. Use iftex instead.

(/usr/share/texmf-dist/tex/generic/iftex/iftex.sty
Package: iftex 2024/12/12 v1.0g TeX engine tests
))
(/usr/share/texmf-dist/tex/generic/iftex/ifluatex.sty
Package: ifluatex 2019/10/25 v1.5 ifluatex legacy package. Use iftex instead.
)
(/usr/share/texmf-dist/tex/latex/xkeyval/xkeyval.sty
Package: xkeyval 2022/06/16 v2.9 package option processing (HA)

(/usr/share/texmf-dist/tex/generic/xkeyval/xkeyval.tex
(/usr/share/texmf-dist/tex/generic/xkeyval/xkvutils.tex
\XKV@toks=\toks17
\XKV@tempa@toks=\toks18

(/usr/share/texmf-dist/tex/generic/xkeyval/keyval.tex))
\XKV@depth=\count270
File: xkeyval.tex 2014/12/03 v2.7a key=value parser (HA)
))
(/usr/share/texmf-dist/tex/latex/base/fontenc.sty
Package: fontenc 2021/04/29 v2.0v Standard LaTeX package

(/usr/share/texmf-dist/tex/latex/ly1/ly1enc.def
File: ly1enc.def 2022/06/11 v0.8 TeX 'n ANSI encoding (DPC/KB)
Now handling font encoding LY1 ...
... processing UTF-8 mapping file for font encoding LY1

(/usr/share/texmf-dist/tex/latex/base/ly1enc.dfu
File: ly1enc.dfu 2022/06/07 v1.3c UTF-8 support
   defining Unicode char U+00A0 (decimal 160)
   defining Unicode char U+00A1 (decimal 161)
   defining Unicode char U+00A2 (decimal 162)
   defining Unicode char U+00A3 (decimal 163)
   defining Unicode char U+00A4 (decimal 164)
   defining Unicode char U+00A5 (decimal 165)
   defining Unicode char U+00A6 (decimal 166)
   defining Unicode char U+00A7 (decimal 167)
   defining Unicode char U+00AA (decimal 170)
   defining Unicode char U+00AB (decimal 171)
   defining Unicode char U+00AD (decimal 173)
   defining Unicode char U+00AE (decimal 174)
   defining Unicode char U+00B0 (decimal 176)
   defining Unicode char U+00B5 (decimal 181)
   defining Unicode char U+00B6 (decimal 182)
   defining Unicode char U+00B7 (decimal 183)
   defining Unicode char U+00BA (decimal 186)
   defining Unicode char U+00BB (decimal 187)
   defining Unicode char U+00BC (decimal 188)
   defining Unicode char U+00BD (decimal 189)
   defining Unicode char U+00BE (decimal 190)
   defining Unicode char U+00BF (decimal 191)
   defining Unicode char U+00C0 (decimal 192)
   defining Unicode char U+00C1 (decimal 193)
   defining Unicode char U+00C2 (decimal 194)
   defining Unicode char U+00C3 (decimal 195)
   defining Unicode char U+00C4 (decimal 196)
   defining Unicode char U+00C5 (decimal 197)
   defining Unicode char U+00C6 (decimal 198)
   defining Unicode char U+00C7 (decimal 199)
   defining Unicode char U+00C8 (decimal 200)
   defining Unicode char U+00C9 (decimal 201)
   defining Unicode char U+00CA (decimal 202)
   defining Unicode char U+00CB (decimal 203)
   defining Unicode char U+00CC (decimal 204)
   defining Unicode char U+00CD (decimal 205)
   defining Unicode char U+00CE (decimal 206)
   defining Unicode char U+00CF (decimal 207)
   defining Unicode char U+00D0 (decimal 208)
   defining Unicode char U+00D1 (decimal 209)
   defining Unicode char U+00D2 (decimal 210)
   defining Unicode char U+00D3 (decimal 211)
   defining Unicode char U+00D4 (decimal 212)
   defining Unicode char U+00D5 (decimal 213)
   defining Unicode char U+00D6 (decimal 214)
   defining Unicode char U+00D8 (decimal 216)
   defining Unicode char U+00D9 (decimal 217)
   defining Unicode char U+00DA (decimal 218)
   defining Unicode char U+00DB (decimal 219)
   defining Unicode char U+00DC (decimal 220)
   defining Unicode char U+00DD (decimal 221)
   defining Unicode char U+00DE (decimal 222)
   defining Unicode char U+00DF (decimal 223)
   defining Unicode char U+00E0 (decimal 224)
   defining Unicode char U+00E1 (decimal 225)
   defining Unicode char U+00E2 (decimal 226)
   defining Unicode char U+00E3 (decimal 227)
   defining Unicode char U+00E4 (decimal 228)
   defining Unicode char U+00E5 (decimal 229)
   defining Unicode char U+00E6 (decimal 230)
   defining Unicode char U+00E7 (decimal 231)
   defining Unicode char U+00E8 (decimal 232)
   defining Unicode char U+00E9 (decimal 233)
   defining Unicode char U+00EA (decimal 234)
   defining Unicode char U+00EB (decimal 235)
   defining Unicode char U+00EC (decimal 236)
   defining Unicode char U+00ED (decimal 237)
   defining Unicode char U+00EE (decimal 238)
   defining Unicode char U+00EF (decimal 239)
   defining Unicode char U+00F0 (decimal 240)
   defining Unicode char U+00F1 (decimal 241)
   defining Unicode char U+00F2 (decimal 242)
   defining Unicode char U+00F3 (decimal 243)
   defining Unicode char U+00F4 (decimal 244)
   defining Unicode char U+00F5 (decimal 245)
   defining Unicode char U+00F6 (decimal 246)
   defining Unicode char U+00F8 (decimal 248)
   defining Unicode char U+00F9 (decimal 249)
   defining Unicode char U+00FA (decimal 250)
   defining Unicode char U+00FB (decimal 251)
   defining Unicode char U+00FC (decimal 252)
   defining Unicode char U+00FD (decimal 253)
   defining Unicode char U+00FE (decimal 254)
   defining Unicode char U+00FF (decimal 255)
   defining Unicode char U+0131 (decimal 305)
   defining Unicode char U+0141 (decimal 321)
   defining Unicode char U+0142 (decimal 322)
   defining Unicode char U+0152 (decimal 338)
   defining Unicode char U+0153 (decimal 339)
   defining Unicode char U+0160 (decimal 352)
   defining Unicode char U+0161 (decimal 353)
   defining Unicode char U+0174 (decimal 372)
   defining Unicode char U+0175 (decimal 373)
   defining Unicode char U+0176 (decimal 374)
   defining Unicode char U+0177 (decimal 375)
   defining Unicode char U+0178 (decimal 376)
   defining Unicode char U+017D (decimal 381)
   defining Unicode char U+017E (decimal 382)
   defining Unicode char U+0192 (decimal 402)
   defining Unicode char U+0218 (decimal 536)
   defining Unicode char U+0219 (decimal 537)
   defining Unicode char U+021A (decimal 538)
   defining Unicode char U+021B (decimal 539)
   defining Unicode char U+0237 (decimal 567)
   defining Unicode char U+02C6 (decimal 710)
   defining Unicode char U+02DC (decimal 732)
   defining Unicode char U+2013 (decimal 8211)
   defining Unicode char U+2014 (decimal 8212)
   defining Unicode char U+201C (decimal 8220)
   defining Unicode char U+201D (decimal 8221)
   defining Unicode char U+2020 (decimal 8224)
   defining Unicode char U+2021 (decimal 8225)
   defining Unicode char U+2022 (decimal 8226)
   defining Unicode char U+2026 (decimal 8230)
   defining Unicode char U+2030 (decimal 8240)
   defining Unicode char U+2039 (decimal 8249)
   defining Unicode char U+203A (decimal 8250)
   defining Unicode char U+2122 (decimal 8482)
   defining Unicode char U+FB00 (decimal 64256)
   defining Unicode char U+FB01 (decimal 64257)
   defining Unicode char U+FB02 (decimal 64258)
   defining Unicode char U+FB03 (decimal 64259)
   defining Unicode char U+FB04 (decimal 64260)
   defining Unicode char U+FB05 (decimal 64261)
   defining Unicode char U+FB06 (decimal 64262)
))))
(/usr/share/texmf-dist/tex/latex/sourcecodepro/sourcecodepro.sty
Package: sourcecodepro 2018/01/13 v2.7 Adobe's Source Code Pro typeface

(/usr/share/texmf-dist/tex/latex/base/fontenc.sty
Package: fontenc 2021/04/29 v2.0v Standard LaTeX package
LaTeX Font Info:    Trying to load font information for T1+SourceSerifPro-LF on
 input line 116.

(/usr/share/texmf-dist/tex/latex/sourceserifpro/T1SourceSerifPro-LF.fd
File: T1SourceSerifPro-LF.fd 2018/09/05 (autoinst) Font definitions for T1/Sour
ceSerifPro-LF.
)
LaTeX Font Info:    Font shape `T1/SourceSerifPro-LF/m/n' will be
(Font)              scaled to size 10.95pt on input line 116.
))
(/usr/share/texmf-dist/tex/latex/mnsymbol/MnSymbol.sty
Package: MnSymbol 2007/01/21 v1.4 support for the MnSymbol font

(/usr/share/texmf-dist/tex/latex/amsmath/amsmath.sty
Package: amsmath 2024/11/05 v2.17t AMS math features
\@mathmargin=\skip51

For additional information on amsmath, use the `?' option.
(/usr/share/texmf-dist/tex/latex/amsmath/amstext.sty
Package: amstext 2021/08/26 v2.01 AMS text

(/usr/share/texmf-dist/tex/latex/amsmath/amsgen.sty
File: amsgen.sty 1999/11/30 v2.0 generic functions
\@emptytoks=\toks19
\ex@=\dimen142
))
(/usr/share/texmf-dist/tex/latex/amsmath/amsbsy.sty
Package: amsbsy 1999/11/29 v1.2d Bold Symbols
\pmbraise@=\dimen143
)
(/usr/share/texmf-dist/tex/latex/amsmath/amsopn.sty
Package: amsopn 2022/04/08 v2.04 operator names
)
\inf@bad=\count271
LaTeX Info: Redefining \frac on input line 233.
\uproot@=\count272
\leftroot@=\count273
LaTeX Info: Redefining \overline on input line 398.
LaTeX Info: Redefining \colon on input line 409.
\classnum@=\count274
\DOTSCASE@=\count275
LaTeX Info: Redefining \ldots on input line 495.
LaTeX Info: Redefining \dots on input line 498.
LaTeX Info: Redefining \cdots on input line 619.
\Mathstrutbox@=\box52
\strutbox@=\box53
LaTeX Info: Redefining \big on input line 721.
LaTeX Info: Redefining \Big on input line 722.
LaTeX Info: Redefining \bigg on input line 723.
LaTeX Info: Redefining \Bigg on input line 724.
\big@size=\dimen144
LaTeX Font Info:    Redeclaring font encoding OML on input line 742.
LaTeX Font Info:    Redeclaring font encoding OMS on input line 743.
\macc@depth=\count276
LaTeX Info: Redefining \bmod on input line 904.
LaTeX Info: Redefining \pmod on input line 909.
LaTeX Info: Redefining \smash on input line 939.
LaTeX Info: Redefining \relbar on input line 969.
LaTeX Info: Redefining \Relbar on input line 970.
\c@MaxMatrixCols=\count277
\dotsspace@=\muskip17
\c@parentequation=\count278
\dspbrk@lvl=\count279
\tag@help=\toks20
\row@=\count280
\column@=\count281
\maxfields@=\count282
\andhelp@=\toks21
\eqnshift@=\dimen145
\alignsep@=\dimen146
\tagshift@=\dimen147
\tagwidth@=\dimen148
\totwidth@=\dimen149
\lineht@=\dimen150
\@envbody=\toks22
\multlinegap=\skip52
\multlinetaggap=\skip53
\mathdisplay@stack=\toks23
LaTeX Info: Redefining \[ on input line 2953.
LaTeX Info: Redefining \] on input line 2954.
)
(/usr/share/texmf-dist/tex/latex/base/textcomp.sty
Package: textcomp 2024/04/24 v2.1b Standard LaTeX package
)
(/usr/share/texmf-dist/tex/latex/amsfonts/eufrak.sty
Package: eufrak 2009/06/22 v3.00 Euler Fraktur fonts
LaTeX Font Info:    Overwriting math alphabet `\EuFrak' in version `bold'
(Font)                  U/euf/m/n --> U/euf/b/n on input line 39.
)
LaTeX Info: Redefining \dagger on input line 84.
LaTeX Info: Redefining \ddagger on input line 84.
LaTeX Info: Redefining \mathparagraph on input line 84.
LaTeX Info: Redefining \mathsection on input line 84.
LaTeX Info: Redefining \mathdollar on input line 84.
LaTeX Info: Redefining \mathsterling on input line 84.
LaTeX Info: Redefining \Re on input line 84.
LaTeX Info: Redefining \Im on input line 84.
\symMnSyA=\mathgroup4
\symMnSyB=\mathgroup5
\symMnSyC=\mathgroup6
\symMnSyD=\mathgroup7
LaTeX Font Info:    Redeclaring symbol font `largesymbols' on input line 119.
LaTeX Font Info:    Overwriting symbol font `largesymbols' in version `normal'
(Font)                  OMX/cmex/m/n --> OMX/MnSymbolE/m/n on input line 119.
LaTeX Font Info:    Overwriting symbol font `largesymbols' in version `bold'
(Font)                  OMX/cmex/m/n --> OMX/MnSymbolE/m/n on input line 119.
LaTeX Font Info:    Redeclaring symbol font `symbols' on input line 120.
LaTeX Font Info:    Encoding `OMS' has changed to `U' for symbol font
(Font)              `symbols' in the math version `normal' on input line 120.
LaTeX Font Info:    Overwriting symbol font `symbols' in version `normal'
(Font)                  OMS/cmsy/m/n --> U/MnSymbolF/m/n on input line 120.
LaTeX Font Info:    Encoding `OMS' has changed to `U' for symbol font
(Font)              `symbols' in the math version `bold' on input line 120.
LaTeX Font Info:    Overwriting symbol font `symbols' in version `bold'
(Font)                  OMS/cmsy/b/n --> U/MnSymbolF/m/n on input line 120.
LaTeX Font Info:    Overwriting symbol font `MnSyA' in version `bold'
(Font)                  U/MnSymbolA/m/n --> U/MnSymbolA/b/n on input line 121.
LaTeX Font Info:    Overwriting symbol font `MnSyB' in version `bold'
(Font)                  U/MnSymbolB/m/n --> U/MnSymbolB/b/n on input line 122.
LaTeX Font Info:    Overwriting symbol font `MnSyC' in version `bold'
(Font)                  U/MnSymbolC/m/n --> U/MnSymbolC/b/n on input line 123.
LaTeX Font Info:    Overwriting symbol font `MnSyD' in version `bold'
(Font)                  U/MnSymbolD/m/n --> U/MnSymbolD/b/n on input line 124.
LaTeX Font Info:    Overwriting symbol font `largesymbols' in version `bold'
(Font)                  OMX/MnSymbolE/m/n --> OMX/MnSymbolE/b/n on input line 1
25.
LaTeX Font Info:    Overwriting symbol font `symbols' in version `bold'
(Font)                  U/MnSymbolF/m/n --> U/MnSymbolF/b/n on input line 126.
LaTeX Font Info:    Redeclaring math alphabet \mathcal on input line 241.
LaTeX Font Info:    Overwriting math alphabet `\mathcal' in version `bold'
(Font)                  OMS/MnSymbolS/m/n --> OMS/MnSymbolS/b/n on input line 2
41.
LaTeX Info: Redefining \longrightarrow on input line 548.
LaTeX Info: Redefining \longleftarrow on input line 549.
LaTeX Info: Redefining \longleftrightarrow on input line 550.
LaTeX Info: Redefining \Longrightarrow on input line 551.
LaTeX Info: Redefining \Longleftarrow on input line 552.
LaTeX Info: Redefining \Longleftrightarrow on input line 553.
LaTeX Info: Redefining \longmapsto on input line 554.
LaTeX Info: Redefining \vdots on input line 868.
LaTeX Font Info:    Redeclaring math symbol \braceld on input line 1721.
LaTeX Font Info:    Redeclaring math symbol \bracelu on input line 1722.
LaTeX Font Info:    Redeclaring math symbol \bracerd on input line 1723.
LaTeX Font Info:    Redeclaring math symbol \braceru on input line 1724.
LaTeX Info: Redefining \downbracefill on input line 1799.
LaTeX Info: Redefining \upbracefill on input line 1800.
LaTeX Info: Redefining \overbrace on input line 1819.
LaTeX Info: Redefining \underbrace on input line 1820.
LaTeX Info: Redefining \surd on input line 1843.
LaTeX Font Info:    Redeclaring math accent \widehat on input line 1845.
LaTeX Font Info:    Redeclaring math accent \widetilde on input line 1846.
LaTeX Font Info:    Redeclaring math accent \vec on input line 1848.
)
(/usr/share/texmf-dist/tex/latex/mathalpha/mathalpha.sty
Package: mathalpha 2025/01/17 - 1.145mathalpha (License LPPL) Michael Sharpe

`mathalpha' v1.145, 2025/01/17, a renaming of mathalfa (msharpe)
LaTeX Font Info:    Redeclaring math alphabet \mathcal on input line 477.
LaTeX Font Info:    Overwriting math alphabet `\mathcal' in version `normal'
(Font)                  OMS/MnSymbolS/m/n --> U/eus/m/n on input line 477.
LaTeX Font Info:    Overwriting math alphabet `\mathcal' in version `bold'
(Font)                  OMS/MnSymbolS/b/n --> U/eus/m/n on input line 477.
LaTeX Font Info:    Overwriting math alphabet `\mathcal' in version `bold'
(Font)                  U/eus/m/n --> U/eus/b/n on input line 479.
)
(/usr/share/texmf-dist/tex/latex/tools/bm.sty
Package: bm 2023/12/19 v1.2f Bold Symbol Support (DPC/FMi)
)
(/usr/share/texmf-dist/tex/latex/mathastext/mathastext.sty
Package: mathastext 2024/10/26 v1.4e Use the text font in math mode (JFB)

Package mathastext Info: Starting the math mode configuration.
\mst@exists@muskip=\muskip18
\mst@forall@muskip=\muskip19
\mst@prime@muskip=\muskip20
\mst@do@nonletters=\toks24
\mst@undo@nonletters=\toks25
\mst@do@easynonletters=\toks26
\mst@undo@easynonletters=\toks27
\symmtoperatorfont=\mathgroup8
\symmtletterfont=\mathgroup9
(   mathastext:   ) will use Euler font; command \MTEulerScale
\symmteulervm=\mathgroup10
(   mathastext:   ) ! and ?
(   mathastext:   ) punctuation: , . : ; and \colon
(   mathastext:   ) \# \mathdollar \% \& 
(   mathastext:   ) \imath and \jmath 
LaTeX Font Info:    Overwriting math alphabet `\Mathnormalbold' in version `nor
mal'
(Font)                  T1/SourceSerifPro-LF/b/it --> T1/SourceSerifPro-LF/b/it
 on input line 2934.
LaTeX Font Info:    Overwriting math alphabet `\Mathnormalbold' in version `bol
d'
(Font)                  T1/SourceSerifPro-LF/b/it --> T1/SourceSerifPro-LF/b/it
 on input line 2934.
LaTeX Font Info:    Overwriting symbol font `mtletterfont' in version `normal'
(Font)                  T1/SourceSerifPro-LF/m/it --> T1/SourceSerifPro-LF/m/it
 on input line 2934.
LaTeX Font Info:    Overwriting symbol font `mtletterfont' in version `bold'
(Font)                  T1/SourceSerifPro-LF/m/it --> T1/SourceSerifPro-LF/b/it
 on input line 2934.
LaTeX Font Info:    Overwriting symbol font `mtoperatorfont' in version `normal
'
(Font)                  T1/SourceSerifPro-LF/m/n --> T1/SourceSerifPro-LF/m/n o
n input line 2934.
LaTeX Font Info:    Overwriting symbol font `mtoperatorfont' in version `bold'
(Font)                  T1/SourceSerifPro-LF/m/n --> T1/SourceSerifPro-LF/b/n o
n input line 2934.
LaTeX Font Info:    Overwriting math alphabet `\Mathbf' in version `normal'
(Font)                  T1/SourceSerifPro-LF/b/n --> T1/SourceSerifPro-LF/b/n o
n input line 2934.
LaTeX Font Info:    Overwriting math alphabet `\Mathbf' in version `bold'
(Font)                  T1/SourceSerifPro-LF/b/n --> T1/SourceSerifPro-LF/b/n o
n input line 2934.
LaTeX Font Info:    Overwriting math alphabet `\Mathit' in version `normal'
(Font)                  T1/SourceSerifPro-LF/m/it --> T1/SourceSerifPro-LF/m/it
 on input line 2934.
LaTeX Font Info:    Overwriting math alphabet `\Mathit' in version `bold'
(Font)                  T1/SourceSerifPro-LF/m/it --> T1/SourceSerifPro-LF/b/it
 on input line 2934.
LaTeX Font Info:    Overwriting math alphabet `\Mathsf' in version `normal'
(Font)                  T1/cmss/m/n --> T1/cmss/m/n on input line 2934.
LaTeX Font Info:    Overwriting math alphabet `\Mathsf' in version `bold'
(Font)                  T1/cmss/m/n --> T1/cmss/b/n on input line 2934.
LaTeX Font Info:    Overwriting math alphabet `\Mathtt' in version `normal'
(Font)                  T1/SourceCodePro-TLF/m/n --> T1/SourceCodePro-TLF/m/n o
n input line 2934.
LaTeX Font Info:    Overwriting math alphabet `\Mathtt' in version `bold'
(Font)                  T1/SourceCodePro-TLF/m/n --> T1/SourceCodePro-TLF/b/n o
n input line 2934.
LaTeX Font Info:    Overwriting symbol font `mteulervm' in version `bold'
(Font)                  U/zeur/m/n --> U/zeur/b/n on input line 2934.
LaTeX Font Info:    Overwriting math alphabet `\MathEulerBold' in version `norm
al'
(Font)                  U/zeur/b/n --> U/zeur/b/n on input line 2934.
LaTeX Font Info:    Overwriting math alphabet `\MathEulerBold' in version `bold
'
(Font)                  U/zeur/b/n --> U/zeur/b/n on input line 2934.
(   mathastext:   ) Latin letters in the `normal', resp. `bold',
(   mathastext:   ) math versions are now set up to use the fonts
(   mathastext:   ) T1/SourceSerifPro-LF/m/it, resp. T1/SourceSerifPro-LF/b/it.

(   mathastext:   ) Other characters (digits, ...) and \log-like names will be
(   mathastext:   ) typeset with the n shape.
(   mathastext:   ) The italic option is in effect.
(   mathastext:   ) Greek letters will use the Euler font.
(   mathastext:   ) Use \MathastextEulerScale{<factor>} to scale the font.
(   mathastext:   ) \HUGE has been (re)-defined.
(   mathastext:   ) mathastext has declared larger sizes for subscripts.
(   mathastext:   ) To keep LaTeX defaults, use option `defaultmathsizes'.

Package mathastext Info: Loading is complete.  You can now use \Mathastext to
(mathastext)             modify the normal and bold math versions.  Use it
(mathastext)             with optional argument or use \MTDeclareVersion to
(mathastext)             declare additional math versions.
)
(/usr/share/texmf-dist/tex/latex/geometry/geometry.sty
Package: geometry 2020/01/02 v5.9 Page Geometry

(/usr/share/texmf-dist/tex/generic/iftex/ifvtex.sty
Package: ifvtex 2019/10/25 v1.7 ifvtex legacy package. Use iftex instead.
)
\Gm@cnth=\count283
\Gm@cntv=\count284
\c@Gm@tempcnt=\count285
\Gm@bindingoffset=\dimen151
\Gm@wd@mp=\dimen152
\Gm@odd@mp=\dimen153
\Gm@even@mp=\dimen154
\Gm@layoutwidth=\dimen155
\Gm@layoutheight=\dimen156
\Gm@layouthoffset=\dimen157
\Gm@layoutvoffset=\dimen158
\Gm@dimlist=\toks28
)
(/usr/share/texmf-dist/tex/latex/setspace/setspace.sty
Package: setspace 2022/12/04 v6.7b set line spacing
)
(/usr/share/texmf-dist/tex/latex/microtype/microtype.sty
Package: microtype 2025/02/11 v3.2a Micro-typographical refinements (RS)

(/usr/share/texmf-dist/tex/latex/etoolbox/etoolbox.sty
Package: etoolbox 2025/02/11 v2.5l e-TeX tools for LaTeX (JAW)
\etb@tempcnta=\count286
)
\MT@toks=\toks29
\MT@tempbox=\box54
\MT@count=\count287
LaTeX Info: Redefining \noprotrusionifhmode on input line 1087.
LaTeX Info: Redefining \leftprotrusion on input line 1088.
\MT@prot@toks=\toks30
LaTeX Info: Redefining \rightprotrusion on input line 1107.
LaTeX Info: Redefining \textls on input line 1449.
\MT@outer@kern=\dimen159
LaTeX Info: Redefining \microtypecontext on input line 2053.
LaTeX Info: Redefining \textmicrotypecontext on input line 2070.
\MT@listname@count=\count288

(/usr/share/texmf-dist/tex/latex/microtype/microtype-pdftex.def
File: microtype-pdftex.def 2025/02/11 v3.2a Definitions specific to pdftex (RS)

LaTeX Info: Redefining \lsstyle on input line 944.
LaTeX Info: Redefining \lslig on input line 944.
\MT@outer@space=\skip54
)
Package microtype Info: Loading configuration file microtype.cfg.

(/usr/share/texmf-dist/tex/latex/microtype/microtype.cfg
File: microtype.cfg 2025/02/11 v3.2a microtype main configuration file (RS)
)
LaTeX Info: Redefining \microtypesetup on input line 3065.
)
(/usr/share/texmf-dist/tex/latex/xcolor/xcolor.sty
Package: xcolor 2024/09/29 v3.02 LaTeX color extensions (UK)

(/usr/share/texmf-dist/tex/latex/graphics-cfg/color.cfg
File: color.cfg 2016/01/02 v1.6 sample color configuration
)
Package xcolor Info: Driver file: pdftex.def on input line 274.

(/usr/share/texmf-dist/tex/latex/graphics-def/pdftex.def
File: pdftex.def 2024/04/13 v1.2c Graphics/color driver for pdftex
)
(/usr/share/texmf-dist/tex/latex/graphics/mathcolor.ltx)
Package xcolor Info: Model `cmy' substituted by `cmy0' on input line 1349.
Package xcolor Info: Model `hsb' substituted by `rgb' on input line 1353.
Package xcolor Info: Model `RGB' extended on input line 1365.
Package xcolor Info: Model `HTML' substituted by `rgb' on input line 1367.
Package xcolor Info: Model `Hsb' substituted by `hsb' on input line 1368.
Package xcolor Info: Model `tHsb' substituted by `hsb' on input line 1369.
Package xcolor Info: Model `HSB' substituted by `hsb' on input line 1370.
Package xcolor Info: Model `Gray' substituted by `gray' on input line 1371.
Package xcolor Info: Model `wave' substituted by `hsb' on input line 1372.
)
(/usr/share/texmf-dist/tex/latex/xcolor/x11nam.def
File: x11nam.def 2024/09/29 v3.02 Predefined colors according to Unix/X11 (UK)
)
(/usr/share/texmf-dist/tex/latex/fancyhdr/fancyhdr.sty
Package: fancyhdr 2025/02/07 v5.2 Extensive control of page headers and footers

\f@nch@headwidth=\skip55
\f@nch@offset@elh=\skip56
\f@nch@offset@erh=\skip57
\f@nch@offset@olh=\skip58
\f@nch@offset@orh=\skip59
\f@nch@offset@elf=\skip60
\f@nch@offset@erf=\skip61
\f@nch@offset@olf=\skip62
\f@nch@offset@orf=\skip63
\f@nch@height=\skip64
\f@nch@footalignment=\skip65
\f@nch@widthL=\skip66
\f@nch@widthC=\skip67
\f@nch@widthR=\skip68
\@temptokenb=\toks31
)
(/usr/share/texmf-dist/tex/latex/titling/titling.sty
Package: titling 2009/09/04 v2.1d maketitle typesetting
\thanksmarkwidth=\skip69
\thanksmargin=\skip70
\droptitle=\skip71
)
(/usr/share/texmf-dist/tex/latex/tocloft/tocloft.sty
Package: tocloft 2017/08/31 v2.3i parameterised ToC, etc., typesetting
Package tocloft Info: The document has section divisions on input line 51.
\cftparskip=\skip72
\cftbeforetoctitleskip=\skip73
\cftaftertoctitleskip=\skip74
\cftbeforepartskip=\skip75
\cftpartnumwidth=\skip76
\cftpartindent=\skip77
\cftbeforesecskip=\skip78
\cftsecindent=\skip79
\cftsecnumwidth=\skip80
\cftbeforesubsecskip=\skip81
\cftsubsecindent=\skip82
\cftsubsecnumwidth=\skip83
\cftbeforesubsubsecskip=\skip84
\cftsubsubsecindent=\skip85
\cftsubsubsecnumwidth=\skip86
\cftbeforeparaskip=\skip87
\cftparaindent=\skip88
\cftparanumwidth=\skip89
\cftbeforesubparaskip=\skip90
\cftsubparaindent=\skip91
\cftsubparanumwidth=\skip92
\cftbeforeloftitleskip=\skip93
\cftafterloftitleskip=\skip94
\cftbeforefigskip=\skip95
\cftfigindent=\skip96
\cftfignumwidth=\skip97
\c@lofdepth=\count289
\c@lotdepth=\count290
\cftbeforelottitleskip=\skip98
\cftafterlottitleskip=\skip99
\cftbeforetabskip=\skip100
\cfttabindent=\skip101
\cfttabnumwidth=\skip102
)
(/usr/share/texmf-dist/tex/latex/titlesec/titlesec.sty
Package: titlesec 2025/01/04 v2.17 Sectioning titles
\ttl@box=\box55
\beforetitleunit=\skip103
\aftertitleunit=\skip104
\ttl@plus=\dimen160
\ttl@minus=\dimen161
\ttl@toksa=\toks32
\titlewidth=\dimen162
\titlewidthlast=\dimen163
\titlewidthfirst=\dimen164
)
(/usr/share/texmf-dist/tex/latex/amscls/amsthm.sty
Package: amsthm 2020/05/29 v2.20.6
\thm@style=\toks33
\thm@bodyfont=\toks34
\thm@headfont=\toks35
\thm@notefont=\toks36
\thm@headpunct=\toks37
\thm@preskip=\skip105
\thm@postskip=\skip106
\thm@headsep=\skip107
\dth@everypar=\toks38
)
\c@theorem=\count291
\c@proposition=\count292
\c@lemma=\count293
\c@corollary=\count294
\c@definition=\count295
\c@assumption=\count296
\c@remark=\count297

(/usr/share/texmf-dist/tex/latex/graphics/graphicx.sty
Package: graphicx 2021/09/16 v1.2d Enhanced LaTeX Graphics (DPC,SPQR)

(/usr/share/texmf-dist/tex/latex/graphics/graphics.sty
Package: graphics 2024/08/06 v1.4g Standard LaTeX Graphics (DPC,SPQR)

(/usr/share/texmf-dist/tex/latex/graphics/trig.sty
Package: trig 2023/12/02 v1.11 sin cos tan (DPC)
)
(/usr/share/texmf-dist/tex/latex/graphics-cfg/graphics.cfg
File: graphics.cfg 2016/06/04 v1.11 sample graphics configuration
)
Package graphics Info: Driver file: pdftex.def on input line 106.
)
\Gin@req@height=\dimen165
\Gin@req@width=\dimen166
)
(/usr/share/texmf-dist/tex/latex/booktabs/booktabs.sty
Package: booktabs 2020/01/12 v1.61803398 Publication quality tables
\heavyrulewidth=\dimen167
\lightrulewidth=\dimen168
\cmidrulewidth=\dimen169
\belowrulesep=\dimen170
\belowbottomsep=\dimen171
\aboverulesep=\dimen172
\abovetopsep=\dimen173
\cmidrulesep=\dimen174
\cmidrulekern=\dimen175
\defaultaddspace=\dimen176
\@cmidla=\count298
\@cmidlb=\count299
\@aboverulesep=\dimen177
\@belowrulesep=\dimen178
\@thisruleclass=\count300
\@lastruleclass=\count301
\@thisrulewidth=\dimen179
)
(/usr/share/texmf-dist/tex/latex/graphics/rotating.sty
Package: rotating 2016/08/11 v2.16d rotated objects in LaTeX

(/usr/share/texmf-dist/tex/latex/base/ifthen.sty
Package: ifthen 2024/03/16 v1.1e Standard LaTeX ifthen package (DPC)
)
\c@r@tfl@t=\count302
\rotFPtop=\skip108
\rotFPbot=\skip109
\rot@float@box=\box56
\rot@mess@toks=\toks39
)
(/usr/share/texmf-dist/tex/latex/multirow/multirow.sty
Package: multirow 2024/11/12 v2.9 Span multiple rows of a table
\multirow@colwidth=\skip110
\multirow@cntb=\count303
\multirow@dima=\skip111
\bigstrutjot=\dimen180
)
(/usr/share/texmf-dist/tex/latex/caption/caption.sty
Package: caption 2023/08/05 v3.6o Customizing captions (AR)

(/usr/share/texmf-dist/tex/latex/caption/caption3.sty
Package: caption3 2023/07/31 v2.4d caption3 kernel (AR)
\caption@tempdima=\dimen181
\captionmargin=\dimen182
\caption@leftmargin=\dimen183
\caption@rightmargin=\dimen184
\caption@width=\dimen185
\caption@indent=\dimen186
\caption@parindent=\dimen187
\caption@hangindent=\dimen188
Package caption Info: Standard document class detected.
)
\c@caption@flags=\count304
\c@continuedfloat=\count305
Package caption Info: rotating package is loaded.
)
(/usr/share/texmf-dist/tex/latex/caption/subcaption.sty
Package: subcaption 2023/07/28 v1.6b Sub-captions (AR)
Package caption Info: New subtype `subfigure' on input line 238.
\c@subfigure=\count306
Package caption Info: New subtype `subtable' on input line 238.
\c@subtable=\count307
)
(/usr/share/texmf-dist/tex/latex/enumitem/enumitem.sty
Package: enumitem 2025/02/06 v3.11 Customized lists
\enitkv@toks@=\toks40
\labelindent=\skip112
\enit@outerparindent=\dimen189
\enit@toks=\toks41
\enit@inbox=\box57
\enit@count@id=\count308
\enitdp@description=\count309
)
(/usr/share/texmf-dist/tex/latex/natbib/natbib.sty
Package: natbib 2010/09/13 8.31b (PWD, AO)
\bibhang=\skip113
\bibsep=\skip114
LaTeX Info: Redefining \cite on input line 694.
\c@NAT@ctr=\count310
))
(/usr/share/texmf-dist/tex/latex/hyperref/hyperref.sty
Package: hyperref 2024-11-05 v7.01l Hypertext links for LaTeX

(/usr/share/texmf-dist/tex/latex/kvsetkeys/kvsetkeys.sty
Package: kvsetkeys 2022-10-05 v1.19 Key value parser (HO)
)
(/usr/share/texmf-dist/tex/generic/kvdefinekeys/kvdefinekeys.sty
Package: kvdefinekeys 2019-12-19 v1.6 Define keys (HO)
)
(/usr/share/texmf-dist/tex/generic/pdfescape/pdfescape.sty
Package: pdfescape 2019/12/09 v1.15 Implements pdfTeX's escape features (HO)

(/usr/share/texmf-dist/tex/generic/ltxcmds/ltxcmds.sty
Package: ltxcmds 2023-12-04 v1.26 LaTeX kernel commands for general use (HO)
)
(/usr/share/texmf-dist/tex/generic/pdftexcmds/pdftexcmds.sty
Package: pdftexcmds 2020-06-27 v0.33 Utility functions of pdfTeX for LuaTeX (HO
)

(/usr/share/texmf-dist/tex/generic/infwarerr/infwarerr.sty
Package: infwarerr 2019/12/03 v1.5 Providing info/warning/error messages (HO)
)
Package pdftexcmds Info: \pdf@primitive is available.
Package pdftexcmds Info: \pdf@ifprimitive is available.
Package pdftexcmds Info: \pdfdraftmode found.
))
(/usr/share/texmf-dist/tex/latex/hycolor/hycolor.sty
Package: hycolor 2020-01-27 v1.10 Color options for hyperref/bookmark (HO)
)
(/usr/share/texmf-dist/tex/latex/hyperref/nameref.sty
Package: nameref 2023-11-26 v2.56 Cross-referencing by name of section

(/usr/share/texmf-dist/tex/latex/refcount/refcount.sty
Package: refcount 2019/12/15 v3.6 Data extraction from label references (HO)
)
(/usr/share/texmf-dist/tex/generic/gettitlestring/gettitlestring.sty
Package: gettitlestring 2019/12/15 v1.6 Cleanup title references (HO)

(/usr/share/texmf-dist/tex/latex/kvoptions/kvoptions.sty
Package: kvoptions 2022-06-15 v3.15 Key value format for package options (HO)
))
\c@section@level=\count311
)
(/usr/share/texmf-dist/tex/generic/stringenc/stringenc.sty
Package: stringenc 2019/11/29 v1.12 Convert strings between diff. encodings (HO
)
)
\@linkdim=\dimen190
\Hy@linkcounter=\count312
\Hy@pagecounter=\count313

(/usr/share/texmf-dist/tex/latex/hyperref/pd1enc.def
File: pd1enc.def 2024-11-05 v7.01l Hyperref: PDFDocEncoding definition (HO)
Now handling font encoding PD1 ...
... no UTF-8 mapping file for font encoding PD1
)
(/usr/share/texmf-dist/tex/generic/intcalc/intcalc.sty
Package: intcalc 2019/12/15 v1.3 Expandable calculations with integers (HO)
)
\Hy@SavedSpaceFactor=\count314

(/usr/share/texmf-dist/tex/latex/hyperref/puenc.def
File: puenc.def 2024-11-05 v7.01l Hyperref: PDF Unicode definition (HO)
Now handling font encoding PU ...
... no UTF-8 mapping file for font encoding PU
)
Package hyperref Info: Option `hypertexnames' set `false' on input line 4040.
Package hyperref Info: Option `pdfdisplaydoctitle' set `true' on input line 404
0.
Package hyperref Info: Hyper figures OFF on input line 4157.
Package hyperref Info: Link nesting OFF on input line 4162.
Package hyperref Info: Hyper index ON on input line 4165.
Package hyperref Info: Plain pages OFF on input line 4172.
Package hyperref Info: Backreferencing OFF on input line 4177.
Package hyperref Info: Implicit mode ON; LaTeX internals redefined.
Package hyperref Info: Bookmarks ON on input line 4424.
\c@Hy@tempcnt=\count315

(/usr/share/texmf-dist/tex/latex/url/url.sty
\Urlmuskip=\muskip21
Package: url 2013/09/16  ver 3.4  Verb mode for urls, etc.
)
LaTeX Info: Redefining \url on input line 4763.
\XeTeXLinkMargin=\dimen191

(/usr/share/texmf-dist/tex/generic/bitset/bitset.sty
Package: bitset 2019/12/09 v1.3 Handle bit-vector datatype (HO)

(/usr/share/texmf-dist/tex/generic/bigintcalc/bigintcalc.sty
Package: bigintcalc 2019/12/15 v1.5 Expandable calculations on big integers (HO
)
))
\Fld@menulength=\count316
\Field@Width=\dimen192
\Fld@charsize=\dimen193
Package hyperref Info: Hyper figures OFF on input line 6042.
Package hyperref Info: Link nesting OFF on input line 6047.
Package hyperref Info: Hyper index ON on input line 6050.
Package hyperref Info: backreferencing OFF on input line 6057.
Package hyperref Info: Link coloring OFF on input line 6062.
Package hyperref Info: Link coloring with OCG OFF on input line 6067.
Package hyperref Info: PDF/A mode OFF on input line 6072.

(/usr/share/texmf-dist/tex/latex/base/atbegshi-ltx.sty
Package: atbegshi-ltx 2021/01/10 v1.0c Emulation of the original atbegshi
package with kernel methods
)
\Hy@abspage=\count317
\c@Item=\count318
\c@Hfootnote=\count319
)
Package hyperref Info: Driver (autodetected): hpdftex.

(/usr/share/texmf-dist/tex/latex/hyperref/hpdftex.def
File: hpdftex.def 2024-11-05 v7.01l Hyperref driver for pdfTeX

(/usr/share/texmf-dist/tex/latex/base/atveryend-ltx.sty
Package: atveryend-ltx 2020/08/19 v1.0a Emulation of the original atveryend pac
kage
with kernel methods
)
\Fld@listcount=\count320
\c@bookmark@seq@number=\count321

(/usr/share/texmf-dist/tex/latex/rerunfilecheck/rerunfilecheck.sty
Package: rerunfilecheck 2022-07-10 v1.10 Rerun checks for auxiliary files (HO)

(/usr/share/texmf-dist/tex/generic/uniquecounter/uniquecounter.sty
Package: uniquecounter 2019/12/15 v1.4 Provide unlimited unique counter (HO)
)
Package uniquecounter Info: New unique counter `rerunfilecheck' on input line 2
85.
)
\Hy@SectionHShift=\skip115
)
(/usr/share/texmf-dist/tex/latex/float/float.sty
Package: float 2001/11/08 v1.3d Float enhancements (AL)
\c@float@type=\count322
\float@exts=\toks42
\float@box=\box58
\@float@everytoks=\toks43
\@floatcapt=\box59
)
(/usr/share/texmf-dist/tex/latex/pgf/frontendlayer/tikz.sty
(/usr/share/texmf-dist/tex/latex/pgf/basiclayer/pgf.sty
(/usr/share/texmf-dist/tex/latex/pgf/utilities/pgfrcs.sty
(/usr/share/texmf-dist/tex/generic/pgf/utilities/pgfutil-common.tex
\pgfutil@everybye=\toks44
\pgfutil@tempdima=\dimen194
\pgfutil@tempdimb=\dimen195
)
(/usr/share/texmf-dist/tex/generic/pgf/utilities/pgfutil-latex.def
\pgfutil@abb=\box60
)
(/usr/share/texmf-dist/tex/generic/pgf/utilities/pgfrcs.code.tex
(/usr/share/texmf-dist/tex/generic/pgf/pgf.revision.tex)
Package: pgfrcs 2023-01-15 v3.1.10 (3.1.10)
))
Package: pgf 2023-01-15 v3.1.10 (3.1.10)

(/usr/share/texmf-dist/tex/latex/pgf/basiclayer/pgfcore.sty
(/usr/share/texmf-dist/tex/latex/pgf/systemlayer/pgfsys.sty
(/usr/share/texmf-dist/tex/generic/pgf/systemlayer/pgfsys.code.tex
Package: pgfsys 2023-01-15 v3.1.10 (3.1.10)

(/usr/share/texmf-dist/tex/generic/pgf/utilities/pgfkeys.code.tex
\pgfkeys@pathtoks=\toks45
\pgfkeys@temptoks=\toks46

(/usr/share/texmf-dist/tex/generic/pgf/utilities/pgfkeyslibraryfiltered.code.te
x
\pgfkeys@tmptoks=\toks47
))
\pgf@x=\dimen196
\pgf@y=\dimen197
\pgf@xa=\dimen198
\pgf@ya=\dimen199
\pgf@xb=\dimen256
\pgf@yb=\dimen257
\pgf@xc=\dimen258
\pgf@yc=\dimen259
\pgf@xd=\dimen260
\pgf@yd=\dimen261
\w@pgf@writea=\write3
\r@pgf@reada=\read2
\c@pgf@counta=\count323
\c@pgf@countb=\count324
\c@pgf@countc=\count325
\c@pgf@countd=\count326
\t@pgf@toka=\toks48
\t@pgf@tokb=\toks49
\t@pgf@tokc=\toks50
\pgf@sys@id@count=\count327
 (/usr/share/texmf-dist/tex/generic/pgf/systemlayer/pgf.cfg
File: pgf.cfg 2023-01-15 v3.1.10 (3.1.10)
)
Driver file for pgf: pgfsys-pdftex.def

(/usr/share/texmf-dist/tex/generic/pgf/systemlayer/pgfsys-pdftex.def
File: pgfsys-pdftex.def 2023-01-15 v3.1.10 (3.1.10)

(/usr/share/texmf-dist/tex/generic/pgf/systemlayer/pgfsys-common-pdf.def
File: pgfsys-common-pdf.def 2023-01-15 v3.1.10 (3.1.10)
)))
(/usr/share/texmf-dist/tex/generic/pgf/systemlayer/pgfsyssoftpath.code.tex
File: pgfsyssoftpath.code.tex 2023-01-15 v3.1.10 (3.1.10)
\pgfsyssoftpath@smallbuffer@items=\count328
\pgfsyssoftpath@bigbuffer@items=\count329
)
(/usr/share/texmf-dist/tex/generic/pgf/systemlayer/pgfsysprotocol.code.tex
File: pgfsysprotocol.code.tex 2023-01-15 v3.1.10 (3.1.10)
))
(/usr/share/texmf-dist/tex/generic/pgf/basiclayer/pgfcore.code.tex
Package: pgfcore 2023-01-15 v3.1.10 (3.1.10)

(/usr/share/texmf-dist/tex/generic/pgf/math/pgfmath.code.tex
(/usr/share/texmf-dist/tex/generic/pgf/math/pgfmathutil.code.tex)
(/usr/share/texmf-dist/tex/generic/pgf/math/pgfmathparser.code.tex
\pgfmath@dimen=\dimen262
\pgfmath@count=\count330
\pgfmath@box=\box61
\pgfmath@toks=\toks51
\pgfmath@stack@operand=\toks52
\pgfmath@stack@operation=\toks53
)
(/usr/share/texmf-dist/tex/generic/pgf/math/pgfmathfunctions.code.tex)
(/usr/share/texmf-dist/tex/generic/pgf/math/pgfmathfunctions.basic.code.tex)
(/usr/share/texmf-dist/tex/generic/pgf/math/pgfmathfunctions.trigonometric.code
.tex)
(/usr/share/texmf-dist/tex/generic/pgf/math/pgfmathfunctions.random.code.tex)
(/usr/share/texmf-dist/tex/generic/pgf/math/pgfmathfunctions.comparison.code.te
x) (/usr/share/texmf-dist/tex/generic/pgf/math/pgfmathfunctions.base.code.tex)
(/usr/share/texmf-dist/tex/generic/pgf/math/pgfmathfunctions.round.code.tex)
(/usr/share/texmf-dist/tex/generic/pgf/math/pgfmathfunctions.misc.code.tex)
(/usr/share/texmf-dist/tex/generic/pgf/math/pgfmathfunctions.integerarithmetics
.code.tex) (/usr/share/texmf-dist/tex/generic/pgf/math/pgfmathcalc.code.tex)
(/usr/share/texmf-dist/tex/generic/pgf/math/pgfmathfloat.code.tex
\c@pgfmathroundto@lastzeros=\count331
))
(/usr/share/texmf-dist/tex/generic/pgf/math/pgfint.code.tex)
(/usr/share/texmf-dist/tex/generic/pgf/basiclayer/pgfcorepoints.code.tex
File: pgfcorepoints.code.tex 2023-01-15 v3.1.10 (3.1.10)
\pgf@picminx=\dimen263
\pgf@picmaxx=\dimen264
\pgf@picminy=\dimen265
\pgf@picmaxy=\dimen266
\pgf@pathminx=\dimen267
\pgf@pathmaxx=\dimen268
\pgf@pathminy=\dimen269
\pgf@pathmaxy=\dimen270
\pgf@xx=\dimen271
\pgf@xy=\dimen272
\pgf@yx=\dimen273
\pgf@yy=\dimen274
\pgf@zx=\dimen275
\pgf@zy=\dimen276
)
(/usr/share/texmf-dist/tex/generic/pgf/basiclayer/pgfcorepathconstruct.code.tex
File: pgfcorepathconstruct.code.tex 2023-01-15 v3.1.10 (3.1.10)
\pgf@path@lastx=\dimen277
\pgf@path@lasty=\dimen278
) (/usr/share/texmf-dist/tex/generic/pgf/basiclayer/pgfcorepathusage.code.tex
File: pgfcorepathusage.code.tex 2023-01-15 v3.1.10 (3.1.10)
\pgf@shorten@end@additional=\dimen279
\pgf@shorten@start@additional=\dimen280
)
(/usr/share/texmf-dist/tex/generic/pgf/basiclayer/pgfcorescopes.code.tex
File: pgfcorescopes.code.tex 2023-01-15 v3.1.10 (3.1.10)
\pgfpic=\box62
\pgf@hbox=\box63
\pgf@layerbox@main=\box64
\pgf@picture@serial@count=\count332
)
(/usr/share/texmf-dist/tex/generic/pgf/basiclayer/pgfcoregraphicstate.code.tex
File: pgfcoregraphicstate.code.tex 2023-01-15 v3.1.10 (3.1.10)
\pgflinewidth=\dimen281
)
(/usr/share/texmf-dist/tex/generic/pgf/basiclayer/pgfcoretransformations.code.t
ex
File: pgfcoretransformations.code.tex 2023-01-15 v3.1.10 (3.1.10)
\pgf@pt@x=\dimen282
\pgf@pt@y=\dimen283
\pgf@pt@temp=\dimen284
) (/usr/share/texmf-dist/tex/generic/pgf/basiclayer/pgfcorequick.code.tex
File: pgfcorequick.code.tex 2023-01-15 v3.1.10 (3.1.10)
)
(/usr/share/texmf-dist/tex/generic/pgf/basiclayer/pgfcoreobjects.code.tex
File: pgfcoreobjects.code.tex 2023-01-15 v3.1.10 (3.1.10)
)
(/usr/share/texmf-dist/tex/generic/pgf/basiclayer/pgfcorepathprocessing.code.te
x
File: pgfcorepathprocessing.code.tex 2023-01-15 v3.1.10 (3.1.10)
) (/usr/share/texmf-dist/tex/generic/pgf/basiclayer/pgfcorearrows.code.tex
File: pgfcorearrows.code.tex 2023-01-15 v3.1.10 (3.1.10)
\pgfarrowsep=\dimen285
)
(/usr/share/texmf-dist/tex/generic/pgf/basiclayer/pgfcoreshade.code.tex
File: pgfcoreshade.code.tex 2023-01-15 v3.1.10 (3.1.10)
\pgf@max=\dimen286
\pgf@sys@shading@range@num=\count333
\pgf@shadingcount=\count334
)
(/usr/share/texmf-dist/tex/generic/pgf/basiclayer/pgfcoreimage.code.tex
File: pgfcoreimage.code.tex 2023-01-15 v3.1.10 (3.1.10)
)
(/usr/share/texmf-dist/tex/generic/pgf/basiclayer/pgfcoreexternal.code.tex
File: pgfcoreexternal.code.tex 2023-01-15 v3.1.10 (3.1.10)
\pgfexternal@startupbox=\box65
)
(/usr/share/texmf-dist/tex/generic/pgf/basiclayer/pgfcorelayers.code.tex
File: pgfcorelayers.code.tex 2023-01-15 v3.1.10 (3.1.10)
)
(/usr/share/texmf-dist/tex/generic/pgf/basiclayer/pgfcoretransparency.code.tex
File: pgfcoretransparency.code.tex 2023-01-15 v3.1.10 (3.1.10)
) (/usr/share/texmf-dist/tex/generic/pgf/basiclayer/pgfcorepatterns.code.tex
File: pgfcorepatterns.code.tex 2023-01-15 v3.1.10 (3.1.10)
)
(/usr/share/texmf-dist/tex/generic/pgf/basiclayer/pgfcorerdf.code.tex
File: pgfcorerdf.code.tex 2023-01-15 v3.1.10 (3.1.10)
)))
(/usr/share/texmf-dist/tex/generic/pgf/modules/pgfmoduleshapes.code.tex
File: pgfmoduleshapes.code.tex 2023-01-15 v3.1.10 (3.1.10)
\pgfnodeparttextbox=\box66
)
(/usr/share/texmf-dist/tex/generic/pgf/modules/pgfmoduleplot.code.tex
File: pgfmoduleplot.code.tex 2023-01-15 v3.1.10 (3.1.10)
)
(/usr/share/texmf-dist/tex/latex/pgf/compatibility/pgfcomp-version-0-65.sty
Package: pgfcomp-version-0-65 2023-01-15 v3.1.10 (3.1.10)
\pgf@nodesepstart=\dimen287
\pgf@nodesepend=\dimen288
)
(/usr/share/texmf-dist/tex/latex/pgf/compatibility/pgfcomp-version-1-18.sty
Package: pgfcomp-version-1-18 2023-01-15 v3.1.10 (3.1.10)
))
(/usr/share/texmf-dist/tex/latex/pgf/utilities/pgffor.sty
(/usr/share/texmf-dist/tex/latex/pgf/utilities/pgfkeys.sty
(/usr/share/texmf-dist/tex/generic/pgf/utilities/pgfkeys.code.tex))
(/usr/share/texmf-dist/tex/latex/pgf/math/pgfmath.sty
(/usr/share/texmf-dist/tex/generic/pgf/math/pgfmath.code.tex))
(/usr/share/texmf-dist/tex/generic/pgf/utilities/pgffor.code.tex
Package: pgffor 2023-01-15 v3.1.10 (3.1.10)
\pgffor@iter=\dimen289
\pgffor@skip=\dimen290
\pgffor@stack=\toks54
\pgffor@toks=\toks55
))
(/usr/share/texmf-dist/tex/generic/pgf/frontendlayer/tikz/tikz.code.tex
Package: tikz 2023-01-15 v3.1.10 (3.1.10)

(/usr/share/texmf-dist/tex/generic/pgf/libraries/pgflibraryplothandlers.code.te
x
File: pgflibraryplothandlers.code.tex 2023-01-15 v3.1.10 (3.1.10)
\pgf@plot@mark@count=\count335
\pgfplotmarksize=\dimen291
)
\tikz@lastx=\dimen292
\tikz@lasty=\dimen293
\tikz@lastxsaved=\dimen294
\tikz@lastysaved=\dimen295
\tikz@lastmovetox=\dimen296
\tikz@lastmovetoy=\dimen297
\tikzleveldistance=\dimen298
\tikzsiblingdistance=\dimen299
\tikz@figbox=\box67
\tikz@figbox@bg=\box68
\tikz@tempbox=\box69
\tikz@tempbox@bg=\box70
\tikztreelevel=\count336
\tikznumberofchildren=\count337
\tikznumberofcurrentchild=\count338
\tikz@fig@count=\count339
 (/usr/share/texmf-dist/tex/generic/pgf/modules/pgfmodulematrix.code.tex
File: pgfmodulematrix.code.tex 2023-01-15 v3.1.10 (3.1.10)
\pgfmatrixcurrentrow=\count340
\pgfmatrixcurrentcolumn=\count341
\pgf@matrix@numberofcolumns=\count342
)
\tikz@expandcount=\count343

(/usr/share/texmf-dist/tex/generic/pgf/frontendlayer/tikz/libraries/tikzlibrary
topaths.code.tex
File: tikzlibrarytopaths.code.tex 2023-01-15 v3.1.10 (3.1.10)
))) (/usr/share/texmf-dist/tex/latex/colortbl/colortbl.sty
Package: colortbl 2024/07/06 v1.0i Color table columns (DPC)

(/usr/share/texmf-dist/tex/latex/tools/array.sty
Package: array 2024/10/17 v2.6g Tabular extension package (FMi)
\col@sep=\dimen300
\ar@mcellbox=\box71
\extrarowheight=\dimen301
\NC@list=\toks56
\extratabsurround=\skip116
\backup@length=\skip117
\ar@cellbox=\box72
)
\everycr=\toks57
\minrowclearance=\skip118
\rownum=\count344
)
(/usr/share/texmf-dist/tex/generic/pgf/frontendlayer/tikz/libraries/tikzlibrary
positioning.code.tex
File: tikzlibrarypositioning.code.tex 2023-01-15 v3.1.10 (3.1.10)
)
(/usr/share/texmf-dist/tex/generic/pgf/frontendlayer/tikz/libraries/tikzlibrary
fit.code.tex
File: tikzlibraryfit.code.tex 2023-01-15 v3.1.10 (3.1.10)
)
(/usr/share/texmf-dist/tex/generic/pgf/libraries/pgflibraryarrows.meta.code.tex
File: pgflibraryarrows.meta.code.tex 2023-01-15 v3.1.10 (3.1.10)
\pgfarrowinset=\dimen302
\pgfarrowlength=\dimen303
\pgfarrowwidth=\dimen304
\pgfarrowlinewidth=\dimen305
)
(/usr/share/texmf-dist/tex/generic/pgf/frontendlayer/tikz/libraries/tikzlibrary
shapes.geometric.code.tex
File: tikzlibraryshapes.geometric.code.tex 2023-01-15 v3.1.10 (3.1.10)

(/usr/share/texmf-dist/tex/generic/pgf/libraries/shapes/pgflibraryshapes.geomet
ric.code.tex
File: pgflibraryshapes.geometric.code.tex 2023-01-15 v3.1.10 (3.1.10)
))
(/usr/share/texmf-dist/tex/generic/pgf/frontendlayer/tikz/libraries/tikzlibrary
calc.code.tex
File: tikzlibrarycalc.code.tex 2023-01-15 v3.1.10 (3.1.10)
)
(/usr/share/texmf-dist/tex/generic/pgf/frontendlayer/tikz/libraries/tikzlibrary
backgrounds.code.tex
File: tikzlibrarybackgrounds.code.tex 2023-01-15 v3.1.10 (3.1.10)
\pgf@layerbox@background=\box73
\pgf@layerboxsaved@background=\box74
)
(/usr/share/texmf-dist/tex/generic/pgf/frontendlayer/tikz/libraries/tikzlibrary
shadows.code.tex
File: tikzlibraryshadows.code.tex 2023-01-15 v3.1.10 (3.1.10)

(/usr/share/texmf-dist/tex/generic/pgf/frontendlayer/tikz/libraries/tikzlibrary
fadings.code.tex
File: tikzlibraryfadings.code.tex 2023-01-15 v3.1.10 (3.1.10)

(/usr/share/texmf-dist/tex/generic/pgf/libraries/pgflibraryfadings.code.tex
File: pgflibraryfadings.code.tex 2023-01-15 v3.1.10 (3.1.10)
)))
(/usr/share/texmf-dist/tex/generic/pgf/frontendlayer/tikz/libraries/tikzlibrary
decorations.pathreplacing.code.tex
(/usr/share/texmf-dist/tex/generic/pgf/frontendlayer/tikz/libraries/tikzlibrary
decorations.code.tex
(/usr/share/texmf-dist/tex/generic/pgf/modules/pgfmoduledecorations.code.tex
\pgfdecoratedcompleteddistance=\dimen306
\pgfdecoratedremainingdistance=\dimen307
\pgfdecoratedinputsegmentcompleteddistance=\dimen308
\pgfdecoratedinputsegmentremainingdistance=\dimen309
\pgf@decorate@distancetomove=\dimen310
\pgf@decorate@repeatstate=\count345
\pgfdecorationsegmentamplitude=\dimen311
\pgfdecorationsegmentlength=\dimen312
)
\tikz@lib@dec@box=\box75
)
(/usr/share/texmf-dist/tex/generic/pgf/libraries/decorations/pgflibrarydecorati
ons.pathreplacing.code.tex))
(/usr/share/texmf-dist/tex/latex/l3backend/l3backend-pdftex.def
File: l3backend-pdftex.def 2024-05-08 L3 backend support: PDF output (pdfTeX)
\l__color_backend_stack_int=\count346
\l__pdf_internal_box=\box76
) (./main.aux)
\openout1 = `main.aux'.

LaTeX Font Info:    Checking defaults for OML/cmm/m/it on input line 27.
LaTeX Font Info:    ... okay on input line 27.
LaTeX Font Info:    Checking defaults for OMS/cmsy/m/n on input line 27.
LaTeX Font Info:    ... okay on input line 27.
LaTeX Font Info:    Checking defaults for OT1/cmr/m/n on input line 27.
LaTeX Font Info:    ... okay on input line 27.
LaTeX Font Info:    Checking defaults for T1/cmr/m/n on input line 27.
LaTeX Font Info:    ... okay on input line 27.
LaTeX Font Info:    Checking defaults for TS1/cmr/m/n on input line 27.
LaTeX Font Info:    ... okay on input line 27.
LaTeX Font Info:    Checking defaults for OMX/cmex/m/n on input line 27.
LaTeX Font Info:    ... okay on input line 27.
LaTeX Font Info:    Checking defaults for U/cmr/m/n on input line 27.
LaTeX Font Info:    ... okay on input line 27.
LaTeX Font Info:    Checking defaults for LY1/ptm/m/n on input line 27.
LaTeX Font Info:    Trying to load font information for LY1+ptm on input line 2
7.

(/usr/share/texmf-dist/tex/latex/ly1/ly1ptm.fd
File: ly1ptm.fd 2001/02/01 font definitions for LY1/ptm using Berry names.
)
LaTeX Font Info:    ... okay on input line 27.
LaTeX Font Info:    Checking defaults for PD1/pdf/m/n on input line 27.
LaTeX Font Info:    ... okay on input line 27.
LaTeX Font Info:    Checking defaults for PU/pdf/m/n on input line 27.
LaTeX Font Info:    ... okay on input line 27.

*geometry* driver: auto-detecting
*geometry* detected driver: pdftex
*geometry* verbose mode - [ preamble ] result:
* driver: pdftex
* paper: letterpaper
* layout: <same size as paper>
* layoutoffset:(h,v)=(0.0pt,0.0pt)
* modes: 
* h-part:(L,W,R)=(72.26999pt, 469.75502pt, 72.26999pt)
* v-part:(T,H,B)=(72.26999pt, 650.43001pt, 72.26999pt)
* \paperwidth=614.295pt
* \paperheight=794.96999pt
* \textwidth=469.75502pt
* \textheight=650.43001pt
* \oddsidemargin=0.0pt
* \evensidemargin=0.0pt
* \topmargin=-37.0pt
* \headheight=12.0pt
* \headsep=25.0pt
* \topskip=11.0pt
* \footskip=50.58878pt
* \marginparwidth=59.0pt
* \marginparsep=10.0pt
* \columnsep=10.0pt
* \skip\footins=10.0pt plus 4.0pt minus 2.0pt
* \hoffset=0.0pt
* \voffset=0.0pt
* \mag=1000
* \@twocolumnfalse
* \@twosidefalse
* \@mparswitchfalse
* \@reversemarginfalse
* (1in=72.27pt=25.4mm, 1cm=28.453pt)

LaTeX Info: Redefining \microtypecontext on input line 27.
Package microtype Info: Applying patch `item' on input line 27.
Package microtype Info: Applying patch `toc' on input line 27.
Package microtype Info: Applying patch `eqnum' on input line 27.
Package microtype Info: Applying patch `footnote' on input line 27.
Package microtype Info: Applying patch `verbatim' on input line 27.
LaTeX Info: Redefining \microtypesetup on input line 27.
Package microtype Info: Generating PDF output.
Package microtype Info: Character protrusion enabled (level 2).
Package microtype Info: Using default protrusion set `alltext'.
Package microtype Info: Automatic font expansion enabled (level 2),
(microtype)             stretch: 20, shrink: 20, step: 1, non-selected.
Package microtype Info: Using default expansion set `alltext-nott'.
LaTeX Info: Redefining \showhyphens on input line 27.
Package microtype Info: No adjustment of tracking.
Package microtype Info: No adjustment of interword spacing.
Package microtype Info: No adjustment of character kerning.
Package microtype Info: Loading generic protrusion settings for font family
(microtype)             `SourceSerifPro-LF' (encoding: T1).
(microtype)             For optimal results, create family-specific settings.
(microtype)             See the microtype manual for details.
(/usr/share/texmf-dist/tex/context/base/mkii/supp-pdf.mkii
[Loading MPS to PDF converter (version 2006.09.02).]
\scratchcounter=\count347
\scratchdimen=\dimen313
\scratchbox=\box77
\nofMPsegments=\count348
\nofMParguments=\count349
\everyMPshowfont=\toks58
\MPscratchCnt=\count350
\MPscratchDim=\dimen314
\MPnumerator=\count351
\makeMPintoPDFobject=\count352
\everyMPtoPDFconversion=\toks59
) (/usr/share/texmf-dist/tex/latex/epstopdf-pkg/epstopdf-base.sty
Package: epstopdf-base 2020-01-24 v2.11 Base part for package epstopdf
Package epstopdf-base Info: Redefining graphics rule for `.eps' on input line 4
85.

(/usr/share/texmf-dist/tex/latex/latexconfig/epstopdf-sys.cfg
File: epstopdf-sys.cfg 2010/07/13 v1.3 Configuration of (r)epstopdf for TeX Liv
e
))
Package caption Info: Begin \AtBeginDocument code.
Package caption Info: float package is loaded.
Package caption Info: hyperref package is loaded.
Package caption Info: End \AtBeginDocument code.
Package hyperref Info: Link coloring OFF on input line 27.
 (./main.out)
(./main.out)
\@outlinefile=\write4
\openout4 = `main.out'.

LaTeX Font Info:    Font shape `T1/SourceSerifPro-LF/b/n' will be
(Font)              scaled to size 10.95pt on input line 35.
LaTeX Font Info:    Font shape `T1/SourceSerifPro-LF/b/n' will be
(Font)              scaled to size 24.88pt on input line 35.
LaTeX Font Info:    Font shape `T1/SourceSerifPro-LF/m/n' will be
(Font)              scaled to size 12.0pt on input line 35.
 (/usr/share/texmf-dist/tex/latex/microtype/mt-cmr.cfg
File: mt-cmr.cfg 2013/05/19 v2.2 microtype config. file: Computer Modern Roman 
(RS)
)
Package microtype Info: Fixing zero \fontdimen 6 for font `OMX/MnSymbolE/m/n/12
'
(microtype)             (new value: 12.0pt) on input line 35.
Package microtype Info: Fixing zero \fontdimen 6 for font `OMX/MnSymbolE/m/n/10
'
(microtype)             (new value: 10.0pt) on input line 35.
Package microtype Info: Fixing zero \fontdimen 6 for font `OMX/MnSymbolE/m/n/8'

(microtype)             (new value: 8.0pt) on input line 35.
Package microtype Info: Fixing zero \fontdimen 6 for font `U/MnSymbolA/m/n/12'
(microtype)             (new value: 12.0pt) on input line 35.
Package microtype Info: Fixing zero \fontdimen 6 for font `U/MnSymbolA/m/n/10'
(microtype)             (new value: 10.0pt) on input line 35.
Package microtype Info: Fixing zero \fontdimen 6 for font `U/MnSymbolA/m/n/8'
(microtype)             (new value: 8.0pt) on input line 35.
Package microtype Info: Fixing zero \fontdimen 6 for font `U/MnSymbolB/m/n/12'
(microtype)             (new value: 12.0pt) on input line 35.
Package microtype Info: Fixing zero \fontdimen 6 for font `U/MnSymbolB/m/n/10'
(microtype)             (new value: 10.0pt) on input line 35.
Package microtype Info: Fixing zero \fontdimen 6 for font `U/MnSymbolB/m/n/8'
(microtype)             (new value: 8.0pt) on input line 35.
Package microtype Info: Fixing zero \fontdimen 6 for font `U/MnSymbolC/m/n/12'
(microtype)             (new value: 12.0pt) on input line 35.
Package microtype Info: Fixing zero \fontdimen 6 for font `U/MnSymbolC/m/n/10'
(microtype)             (new value: 10.0pt) on input line 35.
Package microtype Info: Fixing zero \fontdimen 6 for font `U/MnSymbolC/m/n/8'
(microtype)             (new value: 8.0pt) on input line 35.
Package microtype Info: Fixing zero \fontdimen 6 for font `U/MnSymbolD/m/n/12'
(microtype)             (new value: 12.0pt) on input line 35.
Package microtype Info: Fixing zero \fontdimen 6 for font `U/MnSymbolD/m/n/10'
(microtype)             (new value: 10.0pt) on input line 35.
Package microtype Info: Fixing zero \fontdimen 6 for font `U/MnSymbolD/m/n/8'
(microtype)             (new value: 8.0pt) on input line 35.
LaTeX Font Info:    Font shape `T1/SourceSerifPro-LF/m/n' will be
(Font)              scaled to size 10.0pt on input line 35.
LaTeX Font Info:    Font shape `T1/SourceSerifPro-LF/m/n' will be
(Font)              scaled to size 8.0pt on input line 35.
LaTeX Font Info:    Font shape `T1/SourceSerifPro-LF/m/it' will be
(Font)              scaled to size 12.0pt on input line 35.
LaTeX Font Info:    Font shape `T1/SourceSerifPro-LF/m/it' will be
(Font)              scaled to size 10.0pt on input line 35.
LaTeX Font Info:    Font shape `T1/SourceSerifPro-LF/m/it' will be
(Font)              scaled to size 8.0pt on input line 35.
LaTeX Font Info:    Trying to load font information for U+zeur on input line 35
.

(/usr/share/texmf-dist/tex/latex/eulervm/uzeur.fd
File: uzeur.fd 2005/01/11 v4.0 (WaS)
)
(/usr/share/texmf-dist/tex/latex/microtype/mt-eur.cfg
File: mt-eur.cfg 2006/07/31 v1.1 microtype config. file: AMS Euler Roman (RS)
)

[1

{/home/emmwhy/.texlive/texmf-var/fonts/map/pdftex/updmap/pdftex.map}{/usr/share
/texmf-dist/fonts/enc/dvips/sourceserifpro/a_rlbtkr.enc}]
LaTeX Font Info:    Font shape `T1/SourceSerifPro-LF/m/n' will be
(Font)              scaled to size 14.4pt on input line 37.
LaTeX Font Info:    Font shape `T1/SourceSerifPro-LF/b/n' will be
(Font)              scaled to size 14.4pt on input line 37.
 (./main.toc
Package microtype Info: Fixing zero \fontdimen 6 for font `OMX/MnSymbolE/m/n/10
.95'
(microtype)             (new value: 10.95pt) on input line 1.
Package microtype Info: Fixing zero \fontdimen 6 for font `OMX/MnSymbolE/m/n/9'

(microtype)             (new value: 9.0pt) on input line 1.
Package microtype Info: Fixing zero \fontdimen 6 for font `OMX/MnSymbolE/m/n/7'

(microtype)             (new value: 7.0pt) on input line 1.
Package microtype Info: Fixing zero \fontdimen 6 for font `U/MnSymbolA/m/n/10.9
5'
(microtype)             (new value: 10.95pt) on input line 1.
Package microtype Info: Fixing zero \fontdimen 6 for font `U/MnSymbolA/m/n/9'
(microtype)             (new value: 9.0pt) on input line 1.
Package microtype Info: Fixing zero \fontdimen 6 for font `U/MnSymbolA/m/n/7'
(microtype)             (new value: 7.0pt) on input line 1.
Package microtype Info: Fixing zero \fontdimen 6 for font `U/MnSymbolB/m/n/10.9
5'
(microtype)             (new value: 10.95pt) on input line 1.
Package microtype Info: Fixing zero \fontdimen 6 for font `U/MnSymbolB/m/n/9'
(microtype)             (new value: 9.0pt) on input line 1.
Package microtype Info: Fixing zero \fontdimen 6 for font `U/MnSymbolB/m/n/7'
(microtype)             (new value: 7.0pt) on input line 1.
Package microtype Info: Fixing zero \fontdimen 6 for font `U/MnSymbolC/m/n/10.9
5'
(microtype)             (new value: 10.95pt) on input line 1.
Package microtype Info: Fixing zero \fontdimen 6 for font `U/MnSymbolC/m/n/9'
(microtype)             (new value: 9.0pt) on input line 1.
Package microtype Info: Fixing zero \fontdimen 6 for font `U/MnSymbolC/m/n/7'
(microtype)             (new value: 7.0pt) on input line 1.
Package microtype Info: Fixing zero \fontdimen 6 for font `U/MnSymbolD/m/n/10.9
5'
(microtype)             (new value: 10.95pt) on input line 1.
Package microtype Info: Fixing zero \fontdimen 6 for font `U/MnSymbolD/m/n/9'
(microtype)             (new value: 9.0pt) on input line 1.
Package microtype Info: Fixing zero \fontdimen 6 for font `U/MnSymbolD/m/n/7'
(microtype)             (new value: 7.0pt) on input line 1.
LaTeX Font Info:    Font shape `T1/SourceSerifPro-LF/m/n' will be
(Font)              scaled to size 9.0pt on input line 1.
LaTeX Font Info:    Font shape `T1/SourceSerifPro-LF/m/n' will be
(Font)              scaled to size 7.0pt on input line 1.
LaTeX Font Info:    Font shape `T1/SourceSerifPro-LF/m/it' will be
(Font)              scaled to size 10.95pt on input line 1.
LaTeX Font Info:    Font shape `T1/SourceSerifPro-LF/m/it' will be
(Font)              scaled to size 9.0pt on input line 1.
LaTeX Font Info:    Font shape `T1/SourceSerifPro-LF/m/it' will be
(Font)              scaled to size 7.0pt on input line 1.
)
\tf@toc=\write5
\openout5 = `main.toc'.



[1]
LaTeX Font Info:    Font shape `T1/SourceSerifPro-LF/b/n' will be
(Font)              scaled to size 12.0pt on input line 41.
LaTeX Font Info:    Font shape `T1/SourceSerifPro-LF/b/n' will be
(Font)              scaled to size 10.0pt on input line 69.
Package microtype Info: Fixing zero \fontdimen 6 for font `OMX/MnSymbolE/m/n/6'

(microtype)             (new value: 6.0pt) on input line 69.
Package microtype Info: Fixing zero \fontdimen 6 for font `U/MnSymbolA/m/n/6'
(microtype)             (new value: 6.0pt) on input line 69.
Package microtype Info: Fixing zero \fontdimen 6 for font `U/MnSymbolB/m/n/6'
(microtype)             (new value: 6.0pt) on input line 69.
Package microtype Info: Fixing zero \fontdimen 6 for font `U/MnSymbolC/m/n/6'
(microtype)             (new value: 6.0pt) on input line 69.
Package microtype Info: Fixing zero \fontdimen 6 for font `U/MnSymbolD/m/n/6'
(microtype)             (new value: 6.0pt) on input line 69.
LaTeX Font Info:    Font shape `T1/SourceSerifPro-LF/m/n' will be
(Font)              scaled to size 6.0pt on input line 69.
LaTeX Font Info:    Font shape `T1/SourceSerifPro-LF/m/it' will be
(Font)              scaled to size 6.0pt on input line 69.
LaTeX Font Info:    Font shape `T1/SourceSerifPro-LF/b/n' will be
(Font)              scaled to size 8.0pt on input line 69.
LaTeX Font Info:    Font shape `T1/SourceSerifPro-LF/b/n' will be
(Font)              scaled to size 6.0pt on input line 69.
Package microtype Info: Fixing zero \fontdimen 6 for font `OMX/MnSymbolE/m/n/5'

(microtype)             (new value: 5.0pt) on input line 80.
Package microtype Info: Fixing zero \fontdimen 6 for font `U/MnSymbolA/m/n/5'
(microtype)             (new value: 5.0pt) on input line 80.
Package microtype Info: Fixing zero \fontdimen 6 for font `U/MnSymbolB/m/n/5'
(microtype)             (new value: 5.0pt) on input line 80.
Package microtype Info: Fixing zero \fontdimen 6 for font `U/MnSymbolC/m/n/5'
(microtype)             (new value: 5.0pt) on input line 80.
Package microtype Info: Fixing zero \fontdimen 6 for font `U/MnSymbolD/m/n/5'
(microtype)             (new value: 5.0pt) on input line 80.
LaTeX Font Info:    Font shape `T1/SourceSerifPro-LF/m/n' will be
(Font)              scaled to size 5.0pt on input line 80.
LaTeX Font Info:    Font shape `T1/SourceSerifPro-LF/m/it' will be
(Font)              scaled to size 5.0pt on input line 80.
LaTeX Font Info:    Font shape `T1/SourceSerifPro-LF/b/n' will be
(Font)              scaled to size 5.0pt on input line 80.
LaTeX Font Info:    Font shape `T1/SourceSerifPro-LF/b/n' will be
(Font)              scaled to size 9.0pt on input line 85.
LaTeX Font Info:    Font shape `T1/SourceSerifPro-LF/b/n' will be
(Font)              scaled to size 7.0pt on input line 85.
LaTeX Font Info:    Font shape `T1/SourceSerifPro-LF/m/sc' will be
(Font)              scaled to size 10.95pt on input line 123.
Package microtype Info: Character `029' is missing
(microtype)             in font `T1/SourceSerifPro-LF/m/sc/10.95'.
(microtype)             Ignoring protrusion settings for this character.
<figures/clip_classification_overview.png, id=181, 1027.84pt x 454.69875pt>
File: figures/clip_classification_overview.png Graphic file (type png)
<use figures/clip_classification_overview.png>
Package pdftex.def Info: figures/clip_classification_overview.png  used on inpu
t line 129.
(pdftex.def)             Requested size: 469.75502pt x 207.81102pt.


[2{/usr/share/texmf-dist/fonts/enc/dvips/sourceserifpro/a_5mjl2d.enc}{/usr/shar
e/texmf-dist/fonts/enc/dvips/mnsymbol/MnSymbolA.enc}{/usr/share/texmf-dist/font
s/enc/dvips/mnsymbol/MnSymbolC.enc}{/usr/share/texmf-dist/fonts/enc/dvips/mnsym
bol/MnSymbolD.enc}{/usr/share/texmf-dist/fonts/enc/dvips/mnsymbol/MnSymbolE.enc
}{/usr/share/texmf-dist/fonts/enc/dvips/sourceserifpro/a_lseshj.enc} <./figures
/clip_classification_overview.png>]
<figures/4shot_zs_cm.png, id=212, 722.7pt x 578.16pt>
File: figures/4shot_zs_cm.png Graphic file (type png)
<use figures/4shot_zs_cm.png>
Package pdftex.def Info: figures/4shot_zs_cm.png  used on input line 275.
(pdftex.def)             Requested size: 225.4804pt x 180.38342pt.
<figures/4shot_baseline_cm.png, id=213, 722.7pt x 578.16pt>
File: figures/4shot_baseline_cm.png Graphic file (type png)
<use figures/4shot_baseline_cm.png>
Package pdftex.def Info: figures/4shot_baseline_cm.png  used on input line 280.

(pdftex.def)             Requested size: 225.4804pt x 180.38342pt.


[3]
<figures/4shot_zs_preds.png, id=221, 1331.2134pt x 1168.8468pt>
File: figures/4shot_zs_preds.png Graphic file (type png)
<use figures/4shot_zs_preds.png>
Package pdftex.def Info: figures/4shot_zs_preds.png  used on input line 294.
(pdftex.def)             Requested size: 225.4804pt x 197.97008pt.
<figures/4shot_baseline_preds.png, id=222, 1331.2134pt x 1168.8468pt>
File: figures/4shot_baseline_preds.png Graphic file (type png)
<use figures/4shot_baseline_preds.png>
Package pdftex.def Info: figures/4shot_baseline_preds.png  used on input line 2
99.
(pdftex.def)             Requested size: 225.4804pt x 197.97008pt.
LaTeX Font Info:    Trying to load font information for TS1+SourceSerifPro-LF o
n input line 310.
 (/usr/share/texmf-dist/tex/latex/sourceserifpro/TS1SourceSerifPro-LF.fd
File: TS1SourceSerifPro-LF.fd 2018/09/05 (autoinst) Font definitions for TS1/So
urceSerifPro-LF.
)
LaTeX Font Info:    Font shape `TS1/SourceSerifPro-LF/m/n' will be
(Font)              scaled to size 10.95pt on input line 310.
Package microtype Info: Loading generic protrusion settings for font family
(microtype)             `SourceSerifPro-LF' (encoding: TS1).
(microtype)             For optimal results, create family-specific settings.
(microtype)             See the microtype manual for details.
<figures/4shot_zs_tsne.png, id=223, 867.24pt x 722.7pt>
File: figures/4shot_zs_tsne.png Graphic file (type png)
<use figures/4shot_zs_tsne.png>
Package pdftex.def Info: figures/4shot_zs_tsne.png  used on input line 318.
(pdftex.def)             Requested size: 225.4804pt x 187.89757pt.
<figures/4shot_baseline_tsne.png, id=224, 867.24pt x 722.7pt>
File: figures/4shot_baseline_tsne.png Graphic file (type png)
<use figures/4shot_baseline_tsne.png>
Package pdftex.def Info: figures/4shot_baseline_tsne.png  used on input line 32
3.
(pdftex.def)             Requested size: 225.4804pt x 187.89757pt.


[4{/usr/share/texmf-dist/fonts/enc/dvips/sourceserifpro/a_nqu667.enc} <./figure
s/4shot_zs_cm.png> <./figures/4shot_baseline_cm.png> <./figures/4shot_zs_preds.
png> <./figures/4shot_baseline_preds.png>]
<figures/4shot_zs_pca.png, id=236, 867.24pt x 722.7pt>
File: figures/4shot_zs_pca.png Graphic file (type png)
<use figures/4shot_zs_pca.png>
Package pdftex.def Info: figures/4shot_zs_pca.png  used on input line 333.
(pdftex.def)             Requested size: 225.4804pt x 187.89757pt.
<figures/4shot_baseline_pca.png, id=237, 867.24pt x 722.7pt>
File: figures/4shot_baseline_pca.png Graphic file (type png)
<use figures/4shot_baseline_pca.png>
Package pdftex.def Info: figures/4shot_baseline_pca.png  used on input line 338
.
(pdftex.def)             Requested size: 225.4804pt x 187.89757pt.


[5 <./figures/4shot_zs_tsne.png> <./figures/4shot_baseline_tsne.png> <./figures
/4shot_zs_pca.png> <./figures/4shot_baseline_pca.png>]
<figures/4shot_zs_attn_img0.png, id=248, 1020.4524pt x 367.8543pt>
File: figures/4shot_zs_attn_img0.png Graphic file (type png)
<use figures/4shot_zs_attn_img0.png>
Package pdftex.def Info: figures/4shot_zs_attn_img0.png  used on input line 359
.
(pdftex.def)             Requested size: 225.4804pt x 81.2818pt.
<figures/4shot_baseline_attn_img0.png, id=249, 1020.4524pt x 367.8543pt>
File: figures/4shot_baseline_attn_img0.png Graphic file (type png)
<use figures/4shot_baseline_attn_img0.png>
Package pdftex.def Info: figures/4shot_baseline_attn_img0.png  used on input li
ne 364.
(pdftex.def)             Requested size: 225.4804pt x 81.2818pt.
LaTeX Font Info:    Trying to load font information for T1+SourceCodePro-TLF on
 input line 405.

(/usr/share/texmf-dist/tex/latex/sourcecodepro/T1SourceCodePro-TLF.fd
File: T1SourceCodePro-TLF.fd 2018/02/18 (autoinst) Font definitions for T1/Sour
ceCodePro-TLF.
)
LaTeX Font Info:    Font shape `T1/SourceCodePro-TLF/m/n' will be
(Font)              scaled to size 10.95pt on input line 405.
Package microtype Info: Loading generic protrusion settings for font family
(microtype)             `SourceCodePro-TLF' (encoding: T1).
(microtype)             For optimal results, create family-specific settings.
(microtype)             See the microtype manual for details.


[6{/usr/share/texmf-dist/fonts/enc/dvips/sourcecodepro/a_lutrty.enc} <./figures
/4shot_zs_attn_img0.png> <./figures/4shot_baseline_attn_img0.png>]
<figures/zs_standalone_preds.png, id=263, 1331.2134pt x 1168.8468pt>
File: figures/zs_standalone_preds.png Graphic file (type png)
<use figures/zs_standalone_preds.png>
Package pdftex.def Info: figures/zs_standalone_preds.png  used on input line 41
2.
(pdftex.def)             Requested size: 225.4804pt x 197.97008pt.
<figures/zs_standalone_cm.png, id=264, 722.7pt x 578.16pt>
File: figures/zs_standalone_cm.png Graphic file (type png)
<use figures/zs_standalone_cm.png>
Package pdftex.def Info: figures/zs_standalone_cm.png  used on input line 417.
(pdftex.def)             Requested size: 225.4804pt x 180.38342pt.
<figures/zs_attn_0.png, id=265, 1020.4524pt x 367.8543pt>
File: figures/zs_attn_0.png Graphic file (type png)
<use figures/zs_attn_0.png>
Package pdftex.def Info: figures/zs_attn_0.png  used on input line 427.
(pdftex.def)             Requested size: 150.32504pt x 54.18787pt.
<figures/zs_attn_1.png, id=266, 1020.4524pt x 367.8543pt>
File: figures/zs_attn_1.png Graphic file (type png)
<use figures/zs_attn_1.png>
Package pdftex.def Info: figures/zs_attn_1.png  used on input line 432.
(pdftex.def)             Requested size: 150.32504pt x 54.18787pt.
<figures/zs_attn_2.png, id=267, 1020.4524pt x 367.8543pt>
File: figures/zs_attn_2.png Graphic file (type png)
<use figures/zs_attn_2.png>
Package pdftex.def Info: figures/zs_attn_2.png  used on input line 437.
(pdftex.def)             Requested size: 150.32504pt x 54.18787pt.
<figures/zs_attn_3.png, id=268, 1020.4524pt x 367.8543pt>
File: figures/zs_attn_3.png Graphic file (type png)
<use figures/zs_attn_3.png>
Package pdftex.def Info: figures/zs_attn_3.png  used on input line 442.
(pdftex.def)             Requested size: 150.32504pt x 54.18787pt.
<figures/zs_attn_4.png, id=269, 1020.4524pt x 367.8543pt>
File: figures/zs_attn_4.png Graphic file (type png)
<use figures/zs_attn_4.png>
Package pdftex.def Info: figures/zs_attn_4.png  used on input line 447.
(pdftex.def)             Requested size: 150.32504pt x 54.18787pt.
<figures/zs_attn_5.png, id=270, 1020.4524pt x 367.8543pt>
File: figures/zs_attn_5.png Graphic file (type png)
<use figures/zs_attn_5.png>
Package pdftex.def Info: figures/zs_attn_5.png  used on input line 452.
(pdftex.def)             Requested size: 150.32504pt x 54.18787pt.
File: figures/4shot_zs_pca.png Graphic file (type png)
<use figures/4shot_zs_pca.png>
Package pdftex.def Info: figures/4shot_zs_pca.png  used on input line 462.
(pdftex.def)             Requested size: 225.4804pt x 187.89757pt.
File: figures/4shot_zs_tsne.png Graphic file (type png)
<use figures/4shot_zs_tsne.png>
Package pdftex.def Info: figures/4shot_zs_tsne.png  used on input line 467.
(pdftex.def)             Requested size: 225.4804pt x 187.89757pt.


[7 <./figures/zs_standalone_preds.png> <./figures/zs_standalone_cm.png> <./figu
res/zs_attn_0.png> <./figures/zs_attn_1.png> <./figures/zs_attn_2.png> <./figur
es/zs_attn_3.png> <./figures/zs_attn_4.png> <./figures/zs_attn_5.png>]

[8]
<figures/acc_vs_shots_all.png, id=294, 1011.78pt x 578.16pt>
File: figures/acc_vs_shots_all.png Graphic file (type png)
<use figures/acc_vs_shots_all.png>
Package pdftex.def Info: figures/acc_vs_shots_all.png  used on input line 527.
(pdftex.def)             Requested size: 469.75502pt x 268.4358pt.


[9]
<figures/cross_seed_variance.png, id=299, 722.7pt x 433.62pt>
File: figures/cross_seed_variance.png Graphic file (type png)
<use figures/cross_seed_variance.png>
Package pdftex.def Info: figures/cross_seed_variance.png  used on input line 53
8.
(pdftex.def)             Requested size: 375.80544pt x 225.48369pt.
<figures/training_curves_4shots.png, id=301, 1011.78pt x 578.16pt>
File: figures/training_curves_4shots.png Graphic file (type png)
<use figures/training_curves_4shots.png>
Package pdftex.def Info: figures/training_curves_4shots.png  used on input line
 553.
(pdftex.def)             Requested size: 469.75502pt x 268.4358pt.


[10 <./figures/acc_vs_shots_all.png> <./figures/cross_seed_variance.png>]
<figures/training_time_vs_shots.png, id=310, 722.7pt x 433.62pt>
File: figures/training_time_vs_shots.png Graphic file (type png)
<use figures/training_time_vs_shots.png>
Package pdftex.def Info: figures/training_time_vs_shots.png  used on input line
 564.
(pdftex.def)             Requested size: 375.80544pt x 225.48369pt.


[11 <./figures/training_curves_4shots.png>]
<figures/overfitting_gap.png, id=319, 794.97pt x 433.62pt>
File: figures/overfitting_gap.png Graphic file (type png)
<use figures/overfitting_gap.png>
Package pdftex.def Info: figures/overfitting_gap.png  used on input line 576.
(pdftex.def)             Requested size: 225.4804pt x 122.98749pt.
File: figures/4shot_zs_tsne.png Graphic file (type png)
<use figures/4shot_zs_tsne.png>
Package pdftex.def Info: figures/4shot_zs_tsne.png  used on input line 593.
(pdftex.def)             Requested size: 225.4804pt x 187.89757pt.
File: figures/4shot_baseline_tsne.png Graphic file (type png)
<use figures/4shot_baseline_tsne.png>
Package pdftex.def Info: figures/4shot_baseline_tsne.png  used on input line 59
8.
(pdftex.def)             Requested size: 225.4804pt x 187.89757pt.


[12 <./figures/training_time_vs_shots.png> <./figures/overfitting_gap.png>]
File: figures/4shot_zs_pca.png Graphic file (type png)
<use figures/4shot_zs_pca.png>
Package pdftex.def Info: figures/4shot_zs_pca.png  used on input line 608.
(pdftex.def)             Requested size: 225.4804pt x 187.89757pt.
File: figures/4shot_baseline_pca.png Graphic file (type png)
<use figures/4shot_baseline_pca.png>
Package pdftex.def Info: figures/4shot_baseline_pca.png  used on input line 613
.
(pdftex.def)             Requested size: 225.4804pt x 187.89757pt.
File: figures/4shot_zs_cm.png Graphic file (type png)
<use figures/4shot_zs_cm.png>
Package pdftex.def Info: figures/4shot_zs_cm.png  used on input line 627.
(pdftex.def)             Requested size: 225.4804pt x 180.38342pt.
File: figures/4shot_baseline_cm.png Graphic file (type png)
<use figures/4shot_baseline_cm.png>
Package pdftex.def Info: figures/4shot_baseline_cm.png  used on input line 632.

(pdftex.def)             Requested size: 225.4804pt x 180.38342pt.


[13]
File: figures/4shot_zs_preds.png Graphic file (type png)
<use figures/4shot_zs_preds.png>
Package pdftex.def Info: figures/4shot_zs_preds.png  used on input line 642.
(pdftex.def)             Requested size: 225.4804pt x 197.97008pt.
File: figures/4shot_baseline_preds.png Graphic file (type png)
<use figures/4shot_baseline_preds.png>
Package pdftex.def Info: figures/4shot_baseline_preds.png  used on input line 6
47.
(pdftex.def)             Requested size: 225.4804pt x 197.97008pt.
<figures/attn_zs_0.png, id=341, 1020.4524pt x 367.8543pt>
File: figures/attn_zs_0.png Graphic file (type png)
<use figures/attn_zs_0.png>
Package pdftex.def Info: figures/attn_zs_0.png  used on input line 661.
(pdftex.def)             Requested size: 225.4804pt x 81.2818pt.
<figures/attn_4shot_0.png, id=342, 1020.4524pt x 367.8543pt>
File: figures/attn_4shot_0.png Graphic file (type png)
<use figures/attn_4shot_0.png>
Package pdftex.def Info: figures/attn_4shot_0.png  used on input line 666.
(pdftex.def)             Requested size: 225.4804pt x 81.2818pt.
<figures/attn_zs_1.png, id=343, 1020.4524pt x 367.8543pt>
File: figures/attn_zs_1.png Graphic file (type png)
<use figures/attn_zs_1.png>
Package pdftex.def Info: figures/attn_zs_1.png  used on input line 671.
(pdftex.def)             Requested size: 225.4804pt x 81.2818pt.
<figures/attn_4shot_1.png, id=344, 1020.4524pt x 367.8543pt>
File: figures/attn_4shot_1.png Graphic file (type png)
<use figures/attn_4shot_1.png>
Package pdftex.def Info: figures/attn_4shot_1.png  used on input line 676.
(pdftex.def)             Requested size: 225.4804pt x 81.2818pt.
<figures/attn_zs_2.png, id=345, 1020.4524pt x 367.8543pt>
File: figures/attn_zs_2.png Graphic file (type png)
<use figures/attn_zs_2.png>
Package pdftex.def Info: figures/attn_zs_2.png  used on input line 681.
(pdftex.def)             Requested size: 225.4804pt x 81.2818pt.
<figures/attn_4shot_2.png, id=346, 1020.4524pt x 367.8543pt>
File: figures/attn_4shot_2.png Graphic file (type png)
<use figures/attn_4shot_2.png>
Package pdftex.def Info: figures/attn_4shot_2.png  used on input line 686.
(pdftex.def)             Requested size: 225.4804pt x 81.2818pt.
<figures/attn_zs_3.png, id=347, 1020.4524pt x 367.8543pt>
File: figures/attn_zs_3.png Graphic file (type png)
<use figures/attn_zs_3.png>
Package pdftex.def Info: figures/attn_zs_3.png  used on input line 691.
(pdftex.def)             Requested size: 225.4804pt x 81.2818pt.
<figures/attn_4shot_3.png, id=348, 1020.4524pt x 367.8543pt>
File: figures/attn_4shot_3.png Graphic file (type png)
<use figures/attn_4shot_3.png>
Package pdftex.def Info: figures/attn_4shot_3.png  used on input line 696.
(pdftex.def)             Requested size: 225.4804pt x 81.2818pt.
<figures/attn_zs_4.png, id=349, 1020.4524pt x 367.8543pt>
File: figures/attn_zs_4.png Graphic file (type png)
<use figures/attn_zs_4.png>
Package pdftex.def Info: figures/attn_zs_4.png  used on input line 701.
(pdftex.def)             Requested size: 225.4804pt x 81.2818pt.
<figures/attn_4shot_4.png, id=350, 1020.4524pt x 367.8543pt>
File: figures/attn_4shot_4.png Graphic file (type png)
<use figures/attn_4shot_4.png>
Package pdftex.def Info: figures/attn_4shot_4.png  used on input line 706.
(pdftex.def)             Requested size: 225.4804pt x 81.2818pt.
<figures/attn_zs_5.png, id=351, 1020.4524pt x 367.8543pt>
File: figures/attn_zs_5.png Graphic file (type png)
<use figures/attn_zs_5.png>
Package pdftex.def Info: figures/attn_zs_5.png  used on input line 711.
(pdftex.def)             Requested size: 225.4804pt x 81.2818pt.
<figures/attn_4shot_5.png, id=352, 1020.4524pt x 367.8543pt>
File: figures/attn_4shot_5.png Graphic file (type png)
<use figures/attn_4shot_5.png>
Package pdftex.def Info: figures/attn_4shot_5.png  used on input line 716.
(pdftex.def)             Requested size: 225.4804pt x 81.2818pt.


[14]
Overfull \vbox (14.83574pt too high) has occurred while \output is active []



[15 <./figures/attn_zs_0.png> <./figures/attn_4shot_0.png> <./figures/attn_zs_1
.png> <./figures/attn_4shot_1.png> <./figures/attn_zs_2.png> <./figures/attn_4s
hot_2.png> <./figures/attn_zs_3.png> <./figures/attn_4shot_3.png> <./figures/at
tn_zs_4.png> <./figures/attn_4shot_4.png> <./figures/attn_zs_5.png> <./figures/
attn_4shot_5.png>]
<figures/alpha_sweep_4shot.png, id=377, 650.43pt x 433.62pt>
File: figures/alpha_sweep_4shot.png Graphic file (type png)
<use figures/alpha_sweep_4shot.png>
Package pdftex.def Info: figures/alpha_sweep_4shot.png  used on input line 733.

(pdftex.def)             Requested size: 352.31625pt x 234.87912pt.
<figures/alpha15_ablation_grid.png, id=378, 867.24pt x 505.89pt>
File: figures/alpha15_ablation_grid.png Graphic file (type png)
<use figures/alpha15_ablation_grid.png>
Package pdftex.def Info: figures/alpha15_ablation_grid.png  used on input line 
757.
(pdftex.def)             Requested size: 399.29463pt x 232.92064pt.


[16 <./figures/alpha_sweep_4shot.png>]
<figures/rank_comparison_4shot.png, id=391, 578.16pt x 397.485pt>
File: figures/rank_comparison_4shot.png Graphic file (type png)
<use figures/rank_comparison_4shot.png>
Package pdftex.def Info: figures/rank_comparison_4shot.png  used on input line 
774.
(pdftex.def)             Requested size: 328.82707pt x 226.0654pt.


[17 <./figures/alpha15_ablation_grid.png>]
<figures/comp_r_1_final_test_tsne.png, id=399, 867.24pt x 722.7pt>
File: figures/comp_r_1_final_test_tsne.png Graphic file (type png)
<use figures/comp_r_1_final_test_tsne.png>
Package pdftex.def Info: figures/comp_r_1_final_test_tsne.png  used on input li
ne 782.
(pdftex.def)             Requested size: 150.32504pt x 125.26137pt.
<figures/comp_baseline_final_test_tsne.png, id=400, 867.24pt x 722.7pt>
File: figures/comp_baseline_final_test_tsne.png Graphic file (type png)
<use figures/comp_baseline_final_test_tsne.png>
Package pdftex.def Info: figures/comp_baseline_final_test_tsne.png  used on inp
ut line 787.
(pdftex.def)             Requested size: 150.32504pt x 125.26137pt.
<figures/comp_r_3_final_test_tsne.png, id=401, 867.24pt x 722.7pt>
File: figures/comp_r_3_final_test_tsne.png Graphic file (type png)
<use figures/comp_r_3_final_test_tsne.png>
Package pdftex.def Info: figures/comp_r_3_final_test_tsne.png  used on input li
ne 792.
(pdftex.def)             Requested size: 150.32504pt x 125.26137pt.
<figures/comp_r_1_final_test_confusion_matrix.png, id=402, 722.7pt x 578.16pt>
File: figures/comp_r_1_final_test_confusion_matrix.png Graphic file (type png)
<use figures/comp_r_1_final_test_confusion_matrix.png>
Package pdftex.def Info: figures/comp_r_1_final_test_confusion_matrix.png  used
 on input line 802.
(pdftex.def)             Requested size: 150.32504pt x 120.26149pt.
<figures/comp_baseline_final_test_confusion_matrix.png, id=403, 722.7pt x 578.1
6pt>
File: figures/comp_baseline_final_test_confusion_matrix.png Graphic file (type 
png)
<use figures/comp_baseline_final_test_confusion_matrix.png>
Package pdftex.def Info: figures/comp_baseline_final_test_confusion_matrix.png 
 used on input line 807.
(pdftex.def)             Requested size: 150.32504pt x 120.26149pt.
<figures/comp_r_3_final_test_confusion_matrix.png, id=404, 722.7pt x 578.16pt>
File: figures/comp_r_3_final_test_confusion_matrix.png Graphic file (type png)
<use figures/comp_r_3_final_test_confusion_matrix.png>
Package pdftex.def Info: figures/comp_r_3_final_test_confusion_matrix.png  used
 on input line 812.
(pdftex.def)             Requested size: 150.32504pt x 120.26149pt.
<figures/modality_comparison_4shot.png, id=407, 578.16pt x 397.485pt>
File: figures/modality_comparison_4shot.png Graphic file (type png)
<use figures/modality_comparison_4shot.png>
Package pdftex.def Info: figures/modality_comparison_4shot.png  used on input l
ine 825.
(pdftex.def)             Requested size: 305.33789pt x 209.92003pt.


[18 <./figures/rank_comparison_4shot.png> <./figures/comp_r_1_final_test_tsne.p
ng> <./figures/comp_baseline_final_test_tsne.png> <./figures/comp_r_3_final_tes
t_tsne.png> <./figures/comp_r_1_final_test_confusion_matrix.png> <./figures/com
p_baseline_final_test_confusion_matrix.png> <./figures/comp_r_3_final_test_conf
usion_matrix.png>]
<figures/comp_e_text_final_test_tsne.png, id=421, 867.24pt x 722.7pt>
File: figures/comp_e_text_final_test_tsne.png Graphic file (type png)
<use figures/comp_e_text_final_test_tsne.png>
Package pdftex.def Info: figures/comp_e_text_final_test_tsne.png  used on input
 line 833.
(pdftex.def)             Requested size: 150.32504pt x 125.26137pt.
<figures/comp_e_vision_final_test_tsne.png, id=422, 867.24pt x 722.7pt>
File: figures/comp_e_vision_final_test_tsne.png Graphic file (type png)
<use figures/comp_e_vision_final_test_tsne.png>
Package pdftex.def Info: figures/comp_e_vision_final_test_tsne.png  used on inp
ut line 838.
(pdftex.def)             Requested size: 150.32504pt x 125.26137pt.
File: figures/comp_baseline_final_test_tsne.png Graphic file (type png)
<use figures/comp_baseline_final_test_tsne.png>
Package pdftex.def Info: figures/comp_baseline_final_test_tsne.png  used on inp
ut line 843.
(pdftex.def)             Requested size: 150.32504pt x 125.26137pt.
<figures/comp_e_text_final_test_confusion_matrix.png, id=423, 722.7pt x 578.16p
t>
File: figures/comp_e_text_final_test_confusion_matrix.png Graphic file (type pn
g)
<use figures/comp_e_text_final_test_confusion_matrix.png>
Package pdftex.def Info: figures/comp_e_text_final_test_confusion_matrix.png  u
sed on input line 853.
(pdftex.def)             Requested size: 150.32504pt x 120.26149pt.
<figures/comp_e_vision_final_test_confusion_matrix.png, id=424, 722.7pt x 578.1
6pt>
File: figures/comp_e_vision_final_test_confusion_matrix.png Graphic file (type 
png)
<use figures/comp_e_vision_final_test_confusion_matrix.png>
Package pdftex.def Info: figures/comp_e_vision_final_test_confusion_matrix.png 
 used on input line 858.
(pdftex.def)             Requested size: 150.32504pt x 120.26149pt.
File: figures/comp_baseline_final_test_confusion_matrix.png Graphic file (type 
png)
<use figures/comp_baseline_final_test_confusion_matrix.png>
Package pdftex.def Info: figures/comp_baseline_final_test_confusion_matrix.png 
 used on input line 863.
(pdftex.def)             Requested size: 150.32504pt x 120.26149pt.


[19 <./figures/modality_comparison_4shot.png> <./figures/comp_e_text_final_test
_tsne.png> <./figures/comp_e_vision_final_test_tsne.png>]
<figures/shot_progression.png, id=436, 722.7pt x 397.485pt>
File: figures/shot_progression.png Graphic file (type png)
<use figures/shot_progression.png>
Package pdftex.def Info: figures/shot_progression.png  used on input line 878.
(pdftex.def)             Requested size: 399.29463pt x 219.6121pt.
<figures/32shot_baseline_tsne.png, id=439, 867.24pt x 722.7pt>
File: figures/32shot_baseline_tsne.png Graphic file (type png)
<use figures/32shot_baseline_tsne.png>
Package pdftex.def Info: figures/32shot_baseline_tsne.png  used on input line 8
90.
(pdftex.def)             Requested size: 225.4804pt x 187.89757pt.
<figures/32shot_baseline_cm.png, id=440, 722.7pt x 578.16pt>
File: figures/32shot_baseline_cm.png Graphic file (type png)
<use figures/32shot_baseline_cm.png>
Package pdftex.def Info: figures/32shot_baseline_cm.png  used on input line 895
.
(pdftex.def)             Requested size: 225.4804pt x 180.38342pt.


[20 <./figures/comp_e_text_final_test_confusion_matrix.png> <./figures/comp_e_v
ision_final_test_confusion_matrix.png> <./figures/shot_progression.png>]
<figures/32shot_baseline_pca.png, id=451, 867.24pt x 722.7pt>
File: figures/32shot_baseline_pca.png Graphic file (type png)
<use figures/32shot_baseline_pca.png>
Package pdftex.def Info: figures/32shot_baseline_pca.png  used on input line 90
5.
(pdftex.def)             Requested size: 225.4804pt x 187.89757pt.
<figures/32shot_baseline_preds.png, id=452, 1331.2134pt x 1168.8468pt>
File: figures/32shot_baseline_preds.png Graphic file (type png)
<use figures/32shot_baseline_preds.png>
Package pdftex.def Info: figures/32shot_baseline_preds.png  used on input line 
910.
(pdftex.def)             Requested size: 225.4804pt x 197.97008pt.
<figures/attn_prog_0shot.png, id=454, 1020.4524pt x 367.8543pt>
File: figures/attn_prog_0shot.png Graphic file (type png)
<use figures/attn_prog_0shot.png>
Package pdftex.def Info: figures/attn_prog_0shot.png  used on input line 924.
(pdftex.def)             Requested size: 112.74377pt x 40.63809pt.
<figures/attn_prog_1shot.png, id=455, 1020.4524pt x 367.8543pt>
File: figures/attn_prog_1shot.png Graphic file (type png)
<use figures/attn_prog_1shot.png>
Package pdftex.def Info: figures/attn_prog_1shot.png  used on input line 929.
(pdftex.def)             Requested size: 112.74377pt x 40.63809pt.
<figures/attn_prog_2shot.png, id=456, 1020.4524pt x 367.8543pt>
File: figures/attn_prog_2shot.png Graphic file (type png)
<use figures/attn_prog_2shot.png>
Package pdftex.def Info: figures/attn_prog_2shot.png  used on input line 934.
(pdftex.def)             Requested size: 112.74377pt x 40.63809pt.
<figures/attn_prog_4shot.png, id=457, 1020.4524pt x 367.8543pt>
File: figures/attn_prog_4shot.png Graphic file (type png)
<use figures/attn_prog_4shot.png>
Package pdftex.def Info: figures/attn_prog_4shot.png  used on input line 939.
(pdftex.def)             Requested size: 112.74377pt x 40.63809pt.
<figures/attn_prog_8shot.png, id=458, 1020.4524pt x 367.8543pt>
File: figures/attn_prog_8shot.png Graphic file (type png)
<use figures/attn_prog_8shot.png>
Package pdftex.def Info: figures/attn_prog_8shot.png  used on input line 944.
(pdftex.def)             Requested size: 145.6229pt x 52.49274pt.
<figures/attn_prog_16shot.png, id=459, 1020.4524pt x 367.8543pt>
File: figures/attn_prog_16shot.png Graphic file (type png)
<use figures/attn_prog_16shot.png>
Package pdftex.def Info: figures/attn_prog_16shot.png  used on input line 949.
(pdftex.def)             Requested size: 145.6229pt x 52.49274pt.
<figures/attn_prog_32shot.png, id=460, 1020.4524pt x 367.8543pt>
File: figures/attn_prog_32shot.png Graphic file (type png)
<use figures/attn_prog_32shot.png>
Package pdftex.def Info: figures/attn_prog_32shot.png  used on input line 954.
(pdftex.def)             Requested size: 145.6229pt x 52.49274pt.


[21 <./figures/32shot_baseline_tsne.png> <./figures/32shot_baseline_cm.png> <./
figures/32shot_baseline_pca.png> <./figures/32shot_baseline_preds.png>]

[22 <./figures/attn_prog_0shot.png> <./figures/attn_prog_1shot.png> <./figures/
attn_prog_2shot.png> <./figures/attn_prog_4shot.png> <./figures/attn_prog_8shot
.png> <./figures/attn_prog_16shot.png> <./figures/attn_prog_32shot.png>]
(./main.aux)
 ***********
LaTeX2e <2024-11-01> patch level 2
L3 programming layer <2025-01-18>
 ***********


LaTeX Warning: Label(s) may have changed. Rerun to get cross-references right.

Package rerunfilecheck Info: File `main.out' has not changed.
(rerunfilecheck)             Checksum: 9AC493E8C2F0A4D8ADE188AB4E3F93B8;4870.
 ) 
Here is how much of TeX's memory you used:
 34285 strings out of 475159
 636095 string characters out of 5766697
 1038291 words of memory out of 5000000
 56352 multiletter control sequences out of 15000+600000
 1260817 words of font info for 300 fonts, out of 8000000 for 9000
 14 hyphenation exceptions out of 8191
 89i,12n,131p,1001b,980s stack positions out of 10000i,1000n,20000p,200000b,200000s
</usr/share/texmf-dist/fonts/type1/public/mnsymbol/MnSymbol10.pfb></usr/share
/texmf-dist/fonts/type1/public/mnsymbol/MnSymbol6.pfb></usr/share/texmf-dist/fo
nts/type1/public/mnsymbol/MnSymbol8.pfb></usr/share/texmf-dist/fonts/type1/publ
ic/mnsymbol/MnSymbol9.pfb></usr/share/texmf-dist/fonts/type1/adobe/sourcecodepr
o/SourceCodePro-Regular.pfb></usr/share/texmf-dist/fonts/type1/adobe/sourceseri
fpro/SourceSerifPro-Bold.pfb></usr/share/texmf-dist/fonts/type1/adobe/sourceser
ifpro/SourceSerifPro-It.pfb></usr/share/texmf-dist/fonts/type1/adobe/sourceseri
fpro/SourceSerifPro-Regular.pfb></usr/share/texmf-dist/fonts/type1/public/amsfo
nts/euler/eurm10.pfb></usr/share/texmf-dist/fonts/type1/public/amsfonts/euler/e
urm7.pfb>
Output written on main.pdf (23 pages, 65436994 bytes).
PDF statistics:
 574 PDF objects out of 1000 (max. 8388607)
 368 compressed objects within 4 object streams
 88 named destinations out of 1000 (max. 500000)
 99499 words of extra memory for PDF output out of 106986 (max. 10000000)

